<?xml version="1.0" encoding="ISO-8859-1" ?>
<link_info>
   <banner>TI ARM Linker PC v20.2.5.LTS</banner>
   <copyright>Copyright (c) 1996-2018 Texas Instruments Incorporated</copyright>
   <link_time>0x614da86d</link_time>
   <link_errors>0x1</link_errors>
   <output_file>Software_Timers.out</output_file>
   <entry_point>
      <name>_c_int00_noargs</name>
      <address>0x3341</address>
   </entry_point>
   <input_file_list>
      <input_file id="fl-2">
         <path>.\</path>
         <kind>object</kind>
         <file>croutine.obj</file>
         <name>croutine.obj</name>
      </input_file>
      <input_file id="fl-3">
         <path>.\</path>
         <kind>object</kind>
         <file>event_groups.obj</file>
         <name>event_groups.obj</name>
      </input_file>
      <input_file id="fl-4">
         <path>.\</path>
         <kind>object</kind>
         <file>heap_2.obj</file>
         <name>heap_2.obj</name>
      </input_file>
      <input_file id="fl-5">
         <path>.\</path>
         <kind>object</kind>
         <file>list.obj</file>
         <name>list.obj</name>
      </input_file>
      <input_file id="fl-6">
         <path>.\</path>
         <kind>object</kind>
         <file>main.obj</file>
         <name>main.obj</name>
      </input_file>
      <input_file id="fl-7">
         <path>.\</path>
         <kind>object</kind>
         <file>port.obj</file>
         <name>port.obj</name>
      </input_file>
      <input_file id="fl-8">
         <path>.\</path>
         <kind>object</kind>
         <file>portasm.obj</file>
         <name>portasm.obj</name>
      </input_file>
      <input_file id="fl-9">
         <path>.\</path>
         <kind>object</kind>
         <file>queue.obj</file>
         <name>queue.obj</name>
      </input_file>
      <input_file id="fl-a">
         <path>.\</path>
         <kind>object</kind>
         <file>stream_buffer.obj</file>
         <name>stream_buffer.obj</name>
      </input_file>
      <input_file id="fl-b">
         <path>.\</path>
         <kind>object</kind>
         <file>tasks.obj</file>
         <name>tasks.obj</name>
      </input_file>
      <input_file id="fl-c">
         <path>.\</path>
         <kind>object</kind>
         <file>timers.obj</file>
         <name>timers.obj</name>
      </input_file>
      <input_file id="fl-d">
         <path>.\</path>
         <kind>object</kind>
         <file>tm4c123gh6pm_startup_ccs.obj</file>
         <name>tm4c123gh6pm_startup_ccs.obj</name>
      </input_file>
      <input_file id="fl-12">
         <kind>object</kind>
         <file>&lt;internal&gt;</file>
         <name>&lt;internal&gt;</name>
      </input_file>
      <input_file id="fl-13">
         <path>C:\ti\TivaWare_C_Series-2.2.0.295\driverlib\ccs\Debug\</path>
         <kind>archive</kind>
         <file>driverlib.lib</file>
         <name>gpio.obj</name>
      </input_file>
      <input_file id="fl-14">
         <path>C:\ti\TivaWare_C_Series-2.2.0.295\driverlib\ccs\Debug\</path>
         <kind>archive</kind>
         <file>driverlib.lib</file>
         <name>interrupt.obj</name>
      </input_file>
      <input_file id="fl-15">
         <path>C:\ti\TivaWare_C_Series-2.2.0.295\driverlib\ccs\Debug\</path>
         <kind>archive</kind>
         <file>driverlib.lib</file>
         <name>sysctl.obj</name>
      </input_file>
      <input_file id="fl-16">
         <path>C:\ti\TivaWare_C_Series-2.2.0.295\driverlib\ccs\Debug\</path>
         <kind>archive</kind>
         <file>driverlib.lib</file>
         <name>uart.obj</name>
      </input_file>
      <input_file id="fl-17">
         <path>C:\ti\TivaWare_C_Series-2.2.0.295\driverlib\ccs\Debug\</path>
         <kind>archive</kind>
         <file>driverlib.lib</file>
         <name>cpu.obj</name>
      </input_file>
      <input_file id="fl-cd">
         <path>C:\ti\ccs1040\ccs\tools\compiler\ti-cgt-arm_20.2.5.LTS\lib\</path>
         <kind>archive</kind>
         <file>rtsv7M4_T_le_v4SPD16_eabi.lib</file>
         <name>memcpy_t2.asm.obj</name>
      </input_file>
      <input_file id="fl-ce">
         <path>C:\ti\ccs1040\ccs\tools\compiler\ti-cgt-arm_20.2.5.LTS\lib\</path>
         <kind>archive</kind>
         <file>rtsv7M4_T_le_v4SPD16_eabi.lib</file>
         <name>memset_t2.asm.obj</name>
      </input_file>
      <input_file id="fl-cf">
         <path>C:\ti\ccs1040\ccs\tools\compiler\ti-cgt-arm_20.2.5.LTS\lib\</path>
         <kind>archive</kind>
         <file>rtsv7M4_T_le_v4SPD16_eabi.lib</file>
         <name>copy_zero_init.c.obj</name>
      </input_file>
      <input_file id="fl-d0">
         <path>C:\ti\ccs1040\ccs\tools\compiler\ti-cgt-arm_20.2.5.LTS\lib\</path>
         <kind>archive</kind>
         <file>rtsv7M4_T_le_v4SPD16_eabi.lib</file>
         <name>copy_decompress_none.c.obj</name>
      </input_file>
      <input_file id="fl-d1">
         <path>C:\ti\ccs1040\ccs\tools\compiler\ti-cgt-arm_20.2.5.LTS\lib\</path>
         <kind>archive</kind>
         <file>rtsv7M4_T_le_v4SPD16_eabi.lib</file>
         <name>copy_decompress_lzss.c.obj</name>
      </input_file>
      <input_file id="fl-d2">
         <path>C:\ti\ccs1040\ccs\tools\compiler\ti-cgt-arm_20.2.5.LTS\lib\</path>
         <kind>archive</kind>
         <file>rtsv7M4_T_le_v4SPD16_eabi.lib</file>
         <name>boot_cortex_m.c.obj</name>
      </input_file>
      <input_file id="fl-d3">
         <path>C:\ti\ccs1040\ccs\tools\compiler\ti-cgt-arm_20.2.5.LTS\lib\</path>
         <kind>archive</kind>
         <file>rtsv7M4_T_le_v4SPD16_eabi.lib</file>
         <name>autoinit.c.obj</name>
      </input_file>
      <input_file id="fl-d4">
         <path>C:\ti\ccs1040\ccs\tools\compiler\ti-cgt-arm_20.2.5.LTS\lib\</path>
         <kind>archive</kind>
         <file>rtsv7M4_T_le_v4SPD16_eabi.lib</file>
         <name>pre_init.c.obj</name>
      </input_file>
      <input_file id="fl-d5">
         <path>C:\ti\ccs1040\ccs\tools\compiler\ti-cgt-arm_20.2.5.LTS\lib\</path>
         <kind>archive</kind>
         <file>rtsv7M4_T_le_v4SPD16_eabi.lib</file>
         <name>cpy_tbl.c.obj</name>
      </input_file>
      <input_file id="fl-d6">
         <path>C:\ti\ccs1040\ccs\tools\compiler\ti-cgt-arm_20.2.5.LTS\lib\</path>
         <kind>archive</kind>
         <file>rtsv7M4_T_le_v4SPD16_eabi.lib</file>
         <name>exit.c.obj</name>
      </input_file>
      <input_file id="fl-d7">
         <path>C:\ti\ccs1040\ccs\tools\compiler\ti-cgt-arm_20.2.5.LTS\lib\</path>
         <kind>archive</kind>
         <file>rtsv7M4_T_le_v4SPD16_eabi.lib</file>
         <name>_lock.c.obj</name>
      </input_file>
      <input_file id="fl-d8">
         <path>C:\ti\ccs1040\ccs\tools\compiler\ti-cgt-arm_20.2.5.LTS\lib\</path>
         <kind>archive</kind>
         <file>rtsv7M4_T_le_v4SPD16_eabi.lib</file>
         <name>args_main.c.obj</name>
      </input_file>
   </input_file_list>
   <object_component_list>
      <object_component id="oc-12">
         <name>.intvecs</name>
         <load_address>0x0</load_address>
         <run_address>0x0</run_address>
         <size>0x26c</size>
         <input_file_ref idref="fl-d"/>
      </object_component>
      <object_component id="oc-7f">
         <name>.text</name>
         <load_address>0x26c</load_address>
         <run_address>0x26c</run_address>
         <size>0x23b4</size>
         <input_file_ref idref="fl-b"/>
      </object_component>
      <object_component id="oc-de">
         <name>.text</name>
         <load_address>0x2620</load_address>
         <run_address>0x2620</run_address>
         <size>0x1d8</size>
         <input_file_ref idref="fl-4"/>
      </object_component>
      <object_component id="oc-32">
         <name>.text</name>
         <load_address>0x27f8</load_address>
         <run_address>0x27f8</run_address>
         <size>0x1c8</size>
         <input_file_ref idref="fl-7"/>
      </object_component>
      <object_component id="oc-c2">
         <name>.text</name>
         <load_address>0x29c0</load_address>
         <run_address>0x29c0</run_address>
         <size>0x1bc</size>
         <input_file_ref idref="fl-6"/>
      </object_component>
      <object_component id="oc-1fc">
         <name>.text:GPIOPadConfigSet</name>
         <load_address>0x2b7c</load_address>
         <run_address>0x2b7c</run_address>
         <size>0x16c</size>
         <input_file_ref idref="fl-13"/>
      </object_component>
      <object_component id="oc-e4">
         <name>.text</name>
         <load_address>0x2ce8</load_address>
         <run_address>0x2ce8</run_address>
         <size>0x132</size>
         <input_file_ref idref="fl-5"/>
      </object_component>
      <object_component id="oc-143">
         <name>.text:SysCtlClockGet</name>
         <load_address>0x2e1c</load_address>
         <run_address>0x2e1c</run_address>
         <size>0x118</size>
         <input_file_ref idref="fl-15"/>
      </object_component>
      <object_component id="oc-167">
         <name>.text:SysCtlClockSet</name>
         <load_address>0x2f34</load_address>
         <run_address>0x2f34</run_address>
         <size>0xf4</size>
         <input_file_ref idref="fl-15"/>
      </object_component>
      <object_component id="oc-2d">
         <name>.text</name>
         <load_address>0x3028</load_address>
         <run_address>0x3028</run_address>
         <size>0xda</size>
         <input_file_ref idref="fl-8"/>
      </object_component>
      <object_component id="oc-46">
         <name>.text</name>
         <load_address>0x3102</load_address>
         <run_address>0x3102</run_address>
         <size>0x9c</size>
         <input_file_ref idref="fl-cd"/>
      </object_component>
      <object_component id="oc-b6">
         <name>.text</name>
         <load_address>0x319e</load_address>
         <run_address>0x319e</run_address>
         <size>0x7a</size>
         <input_file_ref idref="fl-ce"/>
      </object_component>
      <object_component id="oc-15">
         <name>.text:decompress:lzss:__TI_decompress_lzss</name>
         <load_address>0x3218</load_address>
         <run_address>0x3218</run_address>
         <size>0x68</size>
         <input_file_ref idref="fl-d1"/>
      </object_component>
      <object_component id="oc-149">
         <name>.text:UARTConfigSetExpClk</name>
         <load_address>0x3280</load_address>
         <run_address>0x3280</run_address>
         <size>0x46</size>
         <input_file_ref idref="fl-16"/>
      </object_component>
      <object_component id="oc-186">
         <name>.text:__TI_auto_init_nobinit_nopinit:__TI_auto_init_nobinit_nopinit</name>
         <load_address>0x32c8</load_address>
         <run_address>0x32c8</run_address>
         <size>0x44</size>
         <input_file_ref idref="fl-d3"/>
      </object_component>
      <object_component id="oc-131">
         <name>.text:SysCtlPeripheralEnable</name>
         <load_address>0x330c</load_address>
         <run_address>0x330c</run_address>
         <size>0x34</size>
         <input_file_ref idref="fl-15"/>
      </object_component>
      <object_component id="oc-64">
         <name>.text:_c_int00_noargs:_c_int00_noargs</name>
         <load_address>0x3340</load_address>
         <run_address>0x3340</run_address>
         <size>0x34</size>
         <input_file_ref idref="fl-d2"/>
      </object_component>
      <object_component id="oc-202">
         <name>.text:GPIODirModeSet</name>
         <load_address>0x3374</load_address>
         <run_address>0x3374</run_address>
         <size>0x2c</size>
         <input_file_ref idref="fl-13"/>
      </object_component>
      <object_component id="oc-215">
         <name>.text:UARTDisable</name>
         <load_address>0x33a0</load_address>
         <run_address>0x33a0</run_address>
         <size>0x20</size>
         <input_file_ref idref="fl-16"/>
      </object_component>
      <object_component id="oc-137">
         <name>.text:GPIOPinTypeGPIOOutput</name>
         <load_address>0x33c0</load_address>
         <run_address>0x33c0</run_address>
         <size>0x1a</size>
         <input_file_ref idref="fl-13"/>
      </object_component>
      <object_component id="oc-155">
         <name>.text:GPIOPinTypeUART</name>
         <load_address>0x33da</load_address>
         <run_address>0x33da</run_address>
         <size>0x16</size>
         <input_file_ref idref="fl-13"/>
      </object_component>
      <object_component id="oc-14f">
         <name>.text:UARTEnable</name>
         <load_address>0x33f0</load_address>
         <run_address>0x33f0</run_address>
         <size>0x14</size>
         <input_file_ref idref="fl-16"/>
      </object_component>
      <object_component id="oc-1b">
         <name>.text:decompress:none:__TI_decompress_none</name>
         <load_address>0x3404</load_address>
         <run_address>0x3404</run_address>
         <size>0xe</size>
         <input_file_ref idref="fl-d0"/>
      </object_component>
      <object_component id="oc-58">
         <name>.text:decompress:ZI:__TI_zero_init</name>
         <load_address>0x3412</load_address>
         <run_address>0x3412</run_address>
         <size>0xc</size>
         <input_file_ref idref="fl-cf"/>
      </object_component>
      <object_component id="oc-27">
         <name>.text</name>
         <load_address>0x341e</load_address>
         <run_address>0x341e</run_address>
         <size>0xc</size>
         <input_file_ref idref="fl-d"/>
      </object_component>
      <object_component id="oc-161">
         <name>.text:UARTCharGet</name>
         <load_address>0x342a</load_address>
         <run_address>0x342a</run_address>
         <size>0xa</size>
         <input_file_ref idref="fl-16"/>
      </object_component>
      <object_component id="oc-15b">
         <name>.text:GPIOPinWrite</name>
         <load_address>0x3434</load_address>
         <run_address>0x3434</run_address>
         <size>0x6</size>
         <input_file_ref idref="fl-13"/>
      </object_component>
      <object_component id="oc-220">
         <name>.text:SysCtlDelay</name>
         <load_address>0x343a</load_address>
         <run_address>0x343a</run_address>
         <size>0x6</size>
         <input_file_ref idref="fl-15"/>
      </object_component>
      <object_component id="oc-13d">
         <name>.text:UARTClockSourceSet</name>
         <load_address>0x3440</load_address>
         <run_address>0x3440</run_address>
         <size>0x6</size>
         <input_file_ref idref="fl-16"/>
      </object_component>
      <object_component id="oc-bc">
         <name>.text:_system_pre_init</name>
         <load_address>0x3446</load_address>
         <run_address>0x3446</run_address>
         <size>0x4</size>
         <input_file_ref idref="fl-d4"/>
      </object_component>
      <object_component id="oc-17a">
         <name>.text:abort:abort</name>
         <load_address>0x344a</load_address>
         <run_address>0x344a</run_address>
         <size>0x4</size>
         <input_file_ref idref="fl-d6"/>
      </object_component>
      <object_component id="oc-211">
         <name>.const:g_pui32Xtals</name>
         <load_address>0x3450</load_address>
         <run_address>0x3450</run_address>
         <size>0x6c</size>
         <input_file_ref idref="fl-15"/>
      </object_component>
      <object_component id="oc-7c">
         <name>.const</name>
         <load_address>0x34bc</load_address>
         <run_address>0x34bc</run_address>
         <size>0x8</size>
         <input_file_ref idref="fl-7"/>
      </object_component>
      <object_component id="oc-16d">
         <name>.const:.string:$P$T0$2</name>
         <load_address>0x34c4</load_address>
         <run_address>0x34c4</run_address>
         <size>0x7</size>
         <input_file_ref idref="fl-6"/>
      </object_component>
      <object_component id="oc-f9">
         <name>.const</name>
         <load_address>0x34cc</load_address>
         <run_address>0x34cc</run_address>
         <size>0x4</size>
         <input_file_ref idref="fl-b"/>
      </object_component>
      <object_component id="oc-2f0">
         <name>.cinit..data.load</name>
         <load_address>0x34d0</load_address>
         <run_address>0x34d0</run_address>
         <size>0x1b</size>
      </object_component>
      <object_component id="oc-2ee">
         <name>__TI_handler_table</name>
         <load_address>0x34ec</load_address>
         <run_address>0x34ec</run_address>
         <size>0xc</size>
      </object_component>
      <object_component id="oc-2f1">
         <name>.cinit..bss.load</name>
         <load_address>0x34f8</load_address>
         <run_address>0x34f8</run_address>
         <size>0x8</size>
      </object_component>
      <object_component id="oc-2ef">
         <name>__TI_cinit_table</name>
         <load_address>0x3500</load_address>
         <run_address>0x3500</run_address>
         <size>0x10</size>
      </object_component>
      <object_component id="oc-1ce">
         <name>.data</name>
         <load_address>0x20005148</load_address>
         <run_address>0x20005148</run_address>
         <size>0x8</size>
         <input_file_ref idref="fl-4"/>
      </object_component>
      <object_component id="oc-170">
         <name>.data</name>
         <load_address>0x20005150</load_address>
         <run_address>0x20005150</run_address>
         <size>0x1</size>
         <input_file_ref idref="fl-6"/>
      </object_component>
      <object_component id="oc-86">
         <name>.data</name>
         <load_address>0x2000513c</load_address>
         <run_address>0x2000513c</run_address>
         <size>0xc</size>
         <input_file_ref idref="fl-7"/>
      </object_component>
      <object_component id="oc-79">
         <name>.data</name>
         <load_address>0x20005108</load_address>
         <run_address>0x20005108</run_address>
         <size>0x34</size>
         <input_file_ref idref="fl-b"/>
      </object_component>
      <object_component id="oc-1d7">
         <name>.bss:ucHeap</name>
         <uninitialized>true</uninitialized>
         <run_address>0x20000000</run_address>
         <size>0x4e20</size>
         <input_file_ref idref="fl-4"/>
      </object_component>
      <object_component id="oc-1d1">
         <name>.bss:xStart</name>
         <uninitialized>true</uninitialized>
         <run_address>0x20004ef8</run_address>
         <size>0x8</size>
         <input_file_ref idref="fl-4"/>
      </object_component>
      <object_component id="oc-1d4">
         <name>.bss:xEnd</name>
         <uninitialized>true</uninitialized>
         <run_address>0x20004ef0</run_address>
         <size>0x8</size>
         <input_file_ref idref="fl-4"/>
      </object_component>
      <object_component id="oc-ea">
         <name>.bss:pxReadyTasksLists</name>
         <uninitialized>true</uninitialized>
         <run_address>0x20004e20</run_address>
         <size>0x64</size>
         <input_file_ref idref="fl-b"/>
      </object_component>
      <object_component id="oc-fc">
         <name>.bss:xDelayedTaskList1</name>
         <uninitialized>true</uninitialized>
         <run_address>0x20004e84</run_address>
         <size>0x14</size>
         <input_file_ref idref="fl-b"/>
      </object_component>
      <object_component id="oc-ff">
         <name>.bss:xDelayedTaskList2</name>
         <uninitialized>true</uninitialized>
         <run_address>0x20004e98</run_address>
         <size>0x14</size>
         <input_file_ref idref="fl-b"/>
      </object_component>
      <object_component id="oc-f0">
         <name>.bss</name>
         <uninitialized>true</uninitialized>
         <run_address>0x20004ee8</run_address>
         <size>0x8</size>
         <input_file_ref idref="fl-b"/>
      </object_component>
      <object_component id="oc-f6">
         <name>.bss:xPendingReadyList</name>
         <uninitialized>true</uninitialized>
         <run_address>0x20004eac</run_address>
         <size>0x14</size>
         <input_file_ref idref="fl-b"/>
      </object_component>
      <object_component id="oc-ed">
         <name>.bss:xTasksWaitingTermination</name>
         <uninitialized>true</uninitialized>
         <run_address>0x20004ed4</run_address>
         <size>0x14</size>
         <input_file_ref idref="fl-b"/>
      </object_component>
      <object_component id="oc-f3">
         <name>.bss:xSuspendedTaskList</name>
         <uninitialized>true</uninitialized>
         <run_address>0x20004ec0</run_address>
         <size>0x14</size>
         <input_file_ref idref="fl-b"/>
      </object_component>
      <object_component id="oc-171">
         <name>.common:Timer_Function1</name>
         <uninitialized>true</uninitialized>
         <run_address>0x20004f00</run_address>
         <size>0x4</size>
      </object_component>
      <object_component id="oc-24">
         <name>.stack</name>
         <uninitialized>true</uninitialized>
         <run_address>0x20004f08</run_address>
         <size>0x4</size>
         <input_file_ref idref="fl-d2"/>
      </object_component>
      <object_component id="oc-2f3">
         <name>.stack</name>
         <uninitialized>true</uninitialized>
         <run_address>0x20004f08</run_address>
         <size>0x0</size>
      </object_component>
      <object_component id="oc-11b">
         <name>.debug_info</name>
         <load_address>0x0</load_address>
         <run_address>0x0</run_address>
         <size>0x1e8</size>
         <input_file_ref idref="fl-2"/>
      </object_component>
      <object_component id="oc-10c">
         <name>.debug_info</name>
         <load_address>0x1e8</load_address>
         <run_address>0x1e8</run_address>
         <size>0x315</size>
         <input_file_ref idref="fl-2"/>
      </object_component>
      <object_component id="oc-9c">
         <name>.debug_info</name>
         <load_address>0x4fd</load_address>
         <run_address>0x4fd</run_address>
         <size>0x26b</size>
         <input_file_ref idref="fl-2"/>
      </object_component>
      <object_component id="oc-116">
         <name>.debug_info</name>
         <load_address>0x768</load_address>
         <run_address>0x768</run_address>
         <size>0x476</size>
         <input_file_ref idref="fl-2"/>
      </object_component>
      <object_component id="oc-41">
         <name>.debug_info</name>
         <load_address>0xbde</load_address>
         <run_address>0xbde</run_address>
         <size>0x84</size>
         <input_file_ref idref="fl-2"/>
      </object_component>
      <object_component id="oc-1f0">
         <name>.debug_info</name>
         <load_address>0xc62</load_address>
         <run_address>0xc62</run_address>
         <size>0xcc</size>
         <input_file_ref idref="fl-2"/>
      </object_component>
      <object_component id="oc-8b">
         <name>.debug_info</name>
         <load_address>0xd2e</load_address>
         <run_address>0xd2e</run_address>
         <size>0x2c</size>
         <input_file_ref idref="fl-2"/>
      </object_component>
      <object_component id="oc-11c">
         <name>.debug_info</name>
         <load_address>0xd5a</load_address>
         <run_address>0xd5a</run_address>
         <size>0x2a4</size>
         <input_file_ref idref="fl-2"/>
      </object_component>
      <object_component id="oc-95">
         <name>.debug_info</name>
         <load_address>0xffe</load_address>
         <run_address>0xffe</run_address>
         <size>0xbb</size>
         <input_file_ref idref="fl-2"/>
      </object_component>
      <object_component id="oc-90">
         <name>.debug_info</name>
         <load_address>0x10b9</load_address>
         <run_address>0x10b9</run_address>
         <size>0x53</size>
         <input_file_ref idref="fl-2"/>
      </object_component>
      <object_component id="oc-107">
         <name>.debug_info</name>
         <load_address>0x110c</load_address>
         <run_address>0x110c</run_address>
         <size>0x53</size>
         <input_file_ref idref="fl-2"/>
      </object_component>
      <object_component id="oc-111">
         <name>.debug_info</name>
         <load_address>0x115f</load_address>
         <run_address>0x115f</run_address>
         <size>0x14c</size>
         <input_file_ref idref="fl-2"/>
      </object_component>
      <object_component id="oc-22b">
         <name>.debug_info</name>
         <load_address>0x12ab</load_address>
         <run_address>0x12ab</run_address>
         <size>0x638</size>
         <input_file_ref idref="fl-3"/>
      </object_component>
      <object_component id="oc-1ba">
         <name>.debug_info</name>
         <load_address>0x18e3</load_address>
         <run_address>0x18e3</run_address>
         <size>0x110</size>
         <input_file_ref idref="fl-3"/>
      </object_component>
      <object_component id="oc-1c9">
         <name>.debug_info</name>
         <load_address>0x19f3</load_address>
         <run_address>0x19f3</run_address>
         <size>0x476</size>
         <input_file_ref idref="fl-3"/>
      </object_component>
      <object_component id="oc-27f">
         <name>.debug_info</name>
         <load_address>0x1e69</load_address>
         <run_address>0x1e69</run_address>
         <size>0x76</size>
         <input_file_ref idref="fl-3"/>
      </object_component>
      <object_component id="oc-284">
         <name>.debug_info</name>
         <load_address>0x1edf</load_address>
         <run_address>0x1edf</run_address>
         <size>0x39</size>
         <input_file_ref idref="fl-3"/>
      </object_component>
      <object_component id="oc-175">
         <name>.debug_info</name>
         <load_address>0x1f18</load_address>
         <run_address>0x1f18</run_address>
         <size>0x4f</size>
         <input_file_ref idref="fl-3"/>
      </object_component>
      <object_component id="oc-1db">
         <name>.debug_info</name>
         <load_address>0x1f67</load_address>
         <run_address>0x1f67</run_address>
         <size>0x403</size>
         <input_file_ref idref="fl-4"/>
      </object_component>
      <object_component id="oc-1d8">
         <name>.debug_info</name>
         <load_address>0x236a</load_address>
         <run_address>0x236a</run_address>
         <size>0xc7</size>
         <input_file_ref idref="fl-4"/>
      </object_component>
      <object_component id="oc-1d2">
         <name>.debug_info</name>
         <load_address>0x2431</load_address>
         <run_address>0x2431</run_address>
         <size>0xc7</size>
         <input_file_ref idref="fl-4"/>
      </object_component>
      <object_component id="oc-1d5">
         <name>.debug_info</name>
         <load_address>0x24f8</load_address>
         <run_address>0x24f8</run_address>
         <size>0xc3</size>
         <input_file_ref idref="fl-4"/>
      </object_component>
      <object_component id="oc-1cf">
         <name>.debug_info</name>
         <load_address>0x25bb</load_address>
         <run_address>0x25bb</run_address>
         <size>0xe1</size>
         <input_file_ref idref="fl-4"/>
      </object_component>
      <object_component id="oc-df">
         <name>.debug_info</name>
         <load_address>0x269c</load_address>
         <run_address>0x269c</run_address>
         <size>0x542</size>
         <input_file_ref idref="fl-4"/>
      </object_component>
      <object_component id="oc-252">
         <name>.debug_info</name>
         <load_address>0x2bde</load_address>
         <run_address>0x2bde</run_address>
         <size>0x62</size>
         <input_file_ref idref="fl-4"/>
      </object_component>
      <object_component id="oc-1dd">
         <name>.debug_info</name>
         <load_address>0x2c40</load_address>
         <run_address>0x2c40</run_address>
         <size>0x36f</size>
         <input_file_ref idref="fl-5"/>
      </object_component>
      <object_component id="oc-e5">
         <name>.debug_info</name>
         <load_address>0x2faf</load_address>
         <run_address>0x2faf</run_address>
         <size>0x43f</size>
         <input_file_ref idref="fl-5"/>
      </object_component>
      <object_component id="oc-172">
         <name>.debug_info</name>
         <load_address>0x33ee</load_address>
         <run_address>0x33ee</run_address>
         <size>0x76e</size>
         <input_file_ref idref="fl-6"/>
      </object_component>
      <object_component id="oc-16e">
         <name>.debug_info</name>
         <load_address>0x3b5c</load_address>
         <run_address>0x3b5c</run_address>
         <size>0xc7</size>
         <input_file_ref idref="fl-6"/>
      </object_component>
      <object_component id="oc-c4">
         <name>.debug_info</name>
         <load_address>0x3c23</load_address>
         <run_address>0x3c23</run_address>
         <size>0x4fd</size>
         <input_file_ref idref="fl-6"/>
      </object_component>
      <object_component id="oc-226">
         <name>.debug_info</name>
         <load_address>0x4120</load_address>
         <run_address>0x4120</run_address>
         <size>0x4f</size>
         <input_file_ref idref="fl-6"/>
      </object_component>
      <object_component id="oc-8a">
         <name>.debug_info</name>
         <load_address>0x416f</load_address>
         <run_address>0x416f</run_address>
         <size>0x440</size>
         <input_file_ref idref="fl-7"/>
      </object_component>
      <object_component id="oc-7d">
         <name>.debug_info</name>
         <load_address>0x45af</load_address>
         <run_address>0x45af</run_address>
         <size>0x13c</size>
         <input_file_ref idref="fl-7"/>
      </object_component>
      <object_component id="oc-87">
         <name>.debug_info</name>
         <load_address>0x46eb</load_address>
         <run_address>0x46eb</run_address>
         <size>0x147</size>
         <input_file_ref idref="fl-7"/>
      </object_component>
      <object_component id="oc-34">
         <name>.debug_info</name>
         <load_address>0x4832</load_address>
         <run_address>0x4832</run_address>
         <size>0x627</size>
         <input_file_ref idref="fl-7"/>
      </object_component>
      <object_component id="oc-2f">
         <name>.debug_info</name>
         <load_address>0x4e59</load_address>
         <run_address>0x4e59</run_address>
         <size>0x229</size>
         <input_file_ref idref="fl-8"/>
      </object_component>
      <object_component id="oc-24c">
         <name>.debug_info</name>
         <load_address>0x5082</load_address>
         <run_address>0x5082</run_address>
         <size>0x888</size>
         <input_file_ref idref="fl-9"/>
      </object_component>
      <object_component id="oc-2ac">
         <name>.debug_info</name>
         <load_address>0x590a</load_address>
         <run_address>0x590a</run_address>
         <size>0x23f</size>
         <input_file_ref idref="fl-9"/>
      </object_component>
      <object_component id="oc-2b1">
         <name>.debug_info</name>
         <load_address>0x5b49</load_address>
         <run_address>0x5b49</run_address>
         <size>0x46</size>
         <input_file_ref idref="fl-9"/>
      </object_component>
      <object_component id="oc-1bf">
         <name>.debug_info</name>
         <load_address>0x5b8f</load_address>
         <run_address>0x5b8f</run_address>
         <size>0x35</size>
         <input_file_ref idref="fl-9"/>
      </object_component>
      <object_component id="oc-128">
         <name>.debug_info</name>
         <load_address>0x5bc4</load_address>
         <run_address>0x5bc4</run_address>
         <size>0x2c</size>
         <input_file_ref idref="fl-a"/>
      </object_component>
      <object_component id="oc-d6">
         <name>.debug_info</name>
         <load_address>0x5bf0</load_address>
         <run_address>0x5bf0</run_address>
         <size>0x7b0</size>
         <input_file_ref idref="fl-b"/>
      </object_component>
      <object_component id="oc-7a">
         <name>.debug_info</name>
         <load_address>0x63a0</load_address>
         <run_address>0x63a0</run_address>
         <size>0x334</size>
         <input_file_ref idref="fl-b"/>
      </object_component>
      <object_component id="oc-eb">
         <name>.debug_info</name>
         <load_address>0x66d4</load_address>
         <run_address>0x66d4</run_address>
         <size>0xdd</size>
         <input_file_ref idref="fl-b"/>
      </object_component>
      <object_component id="oc-fd">
         <name>.debug_info</name>
         <load_address>0x67b1</load_address>
         <run_address>0x67b1</run_address>
         <size>0xdd</size>
         <input_file_ref idref="fl-b"/>
      </object_component>
      <object_component id="oc-100">
         <name>.debug_info</name>
         <load_address>0x688e</load_address>
         <run_address>0x688e</run_address>
         <size>0xdd</size>
         <input_file_ref idref="fl-b"/>
      </object_component>
      <object_component id="oc-f1">
         <name>.debug_info</name>
         <load_address>0x696b</load_address>
         <run_address>0x696b</run_address>
         <size>0x120</size>
         <input_file_ref idref="fl-b"/>
      </object_component>
      <object_component id="oc-f7">
         <name>.debug_info</name>
         <load_address>0x6a8b</load_address>
         <run_address>0x6a8b</run_address>
         <size>0xdd</size>
         <input_file_ref idref="fl-b"/>
      </object_component>
      <object_component id="oc-ee">
         <name>.debug_info</name>
         <load_address>0x6b68</load_address>
         <run_address>0x6b68</run_address>
         <size>0xeb</size>
         <input_file_ref idref="fl-b"/>
      </object_component>
      <object_component id="oc-f4">
         <name>.debug_info</name>
         <load_address>0x6c53</load_address>
         <run_address>0x6c53</run_address>
         <size>0xdf</size>
         <input_file_ref idref="fl-b"/>
      </object_component>
      <object_component id="oc-fa">
         <name>.debug_info</name>
         <load_address>0x6d32</load_address>
         <run_address>0x6d32</run_address>
         <size>0xde</size>
         <input_file_ref idref="fl-b"/>
      </object_component>
      <object_component id="oc-81">
         <name>.debug_info</name>
         <load_address>0x6e10</load_address>
         <run_address>0x6e10</run_address>
         <size>0x5402</size>
         <input_file_ref idref="fl-b"/>
      </object_component>
      <object_component id="oc-d7">
         <name>.debug_info</name>
         <load_address>0xc212</load_address>
         <run_address>0xc212</run_address>
         <size>0x30c</size>
         <input_file_ref idref="fl-b"/>
      </object_component>
      <object_component id="oc-1c4">
         <name>.debug_info</name>
         <load_address>0xc51e</load_address>
         <run_address>0xc51e</run_address>
         <size>0x15a</size>
         <input_file_ref idref="fl-b"/>
      </object_component>
      <object_component id="oc-3a">
         <name>.debug_info</name>
         <load_address>0xc678</load_address>
         <run_address>0xc678</run_address>
         <size>0x327</size>
         <input_file_ref idref="fl-d"/>
      </object_component>
      <object_component id="oc-13">
         <name>.debug_info</name>
         <load_address>0xc99f</load_address>
         <run_address>0xc99f</run_address>
         <size>0xe6</size>
         <input_file_ref idref="fl-d"/>
      </object_component>
      <object_component id="oc-2b">
         <name>.debug_info</name>
         <load_address>0xca85</load_address>
         <run_address>0xca85</run_address>
         <size>0x262</size>
         <input_file_ref idref="fl-d"/>
      </object_component>
      <object_component id="oc-20e">
         <name>.debug_info</name>
         <load_address>0xcce7</load_address>
         <run_address>0xcce7</run_address>
         <size>0x3e4</size>
         <input_file_ref idref="fl-13"/>
      </object_component>
      <object_component id="oc-15d">
         <name>.debug_info</name>
         <load_address>0xd0cb</load_address>
         <run_address>0xd0cb</run_address>
         <size>0x2ac</size>
         <input_file_ref idref="fl-13"/>
      </object_component>
      <object_component id="oc-204">
         <name>.debug_info</name>
         <load_address>0xd377</load_address>
         <run_address>0xd377</run_address>
         <size>0x2bc</size>
         <input_file_ref idref="fl-13"/>
      </object_component>
      <object_component id="oc-1fe">
         <name>.debug_info</name>
         <load_address>0xd633</load_address>
         <run_address>0xd633</run_address>
         <size>0x31f</size>
         <input_file_ref idref="fl-13"/>
      </object_component>
      <object_component id="oc-157">
         <name>.debug_info</name>
         <load_address>0xd952</load_address>
         <run_address>0xd952</run_address>
         <size>0x29b</size>
         <input_file_ref idref="fl-13"/>
      </object_component>
      <object_component id="oc-139">
         <name>.debug_info</name>
         <load_address>0xdbed</load_address>
         <run_address>0xdbed</run_address>
         <size>0x2c0</size>
         <input_file_ref idref="fl-13"/>
      </object_component>
      <object_component id="oc-26f">
         <name>.debug_info</name>
         <load_address>0xdead</load_address>
         <run_address>0xdead</run_address>
         <size>0x26b</size>
         <input_file_ref idref="fl-13"/>
      </object_component>
      <object_component id="oc-209">
         <name>.debug_info</name>
         <load_address>0xe118</load_address>
         <run_address>0xe118</run_address>
         <size>0x8b</size>
         <input_file_ref idref="fl-13"/>
      </object_component>
      <object_component id="oc-25f">
         <name>.debug_info</name>
         <load_address>0xe1a3</load_address>
         <run_address>0xe1a3</run_address>
         <size>0x297</size>
         <input_file_ref idref="fl-13"/>
      </object_component>
      <object_component id="oc-26a">
         <name>.debug_info</name>
         <load_address>0xe43a</load_address>
         <run_address>0xe43a</run_address>
         <size>0xef</size>
         <input_file_ref idref="fl-13"/>
      </object_component>
      <object_component id="oc-1f6">
         <name>.debug_info</name>
         <load_address>0xe529</load_address>
         <run_address>0xe529</run_address>
         <size>0xbb</size>
         <input_file_ref idref="fl-13"/>
      </object_component>
      <object_component id="oc-1fb">
         <name>.debug_info</name>
         <load_address>0xe5e4</load_address>
         <run_address>0xe5e4</run_address>
         <size>0x441</size>
         <input_file_ref idref="fl-15"/>
      </object_component>
      <object_component id="oc-212">
         <name>.debug_info</name>
         <load_address>0xea25</load_address>
         <run_address>0xea25</run_address>
         <size>0x156</size>
         <input_file_ref idref="fl-15"/>
      </object_component>
      <object_component id="oc-132">
         <name>.debug_info</name>
         <load_address>0xeb7b</load_address>
         <run_address>0xeb7b</run_address>
         <size>0x286</size>
         <input_file_ref idref="fl-15"/>
      </object_component>
      <object_component id="oc-168">
         <name>.debug_info</name>
         <load_address>0xee01</load_address>
         <run_address>0xee01</run_address>
         <size>0x2e4</size>
         <input_file_ref idref="fl-15"/>
      </object_component>
      <object_component id="oc-144">
         <name>.debug_info</name>
         <load_address>0xf0e5</load_address>
         <run_address>0xf0e5</run_address>
         <size>0x2be</size>
         <input_file_ref idref="fl-15"/>
      </object_component>
      <object_component id="oc-266">
         <name>.debug_info</name>
         <load_address>0xf3a3</load_address>
         <run_address>0xf3a3</run_address>
         <size>0x51</size>
         <input_file_ref idref="fl-15"/>
      </object_component>
      <object_component id="oc-210">
         <name>.debug_info</name>
         <load_address>0xf3f4</load_address>
         <run_address>0xf3f4</run_address>
         <size>0x3cb</size>
         <input_file_ref idref="fl-16"/>
      </object_component>
      <object_component id="oc-150">
         <name>.debug_info</name>
         <load_address>0xf7bf</load_address>
         <run_address>0xf7bf</run_address>
         <size>0x250</size>
         <input_file_ref idref="fl-16"/>
      </object_component>
      <object_component id="oc-216">
         <name>.debug_info</name>
         <load_address>0xfa0f</load_address>
         <run_address>0xfa0f</run_address>
         <size>0x252</size>
         <input_file_ref idref="fl-16"/>
      </object_component>
      <object_component id="oc-14a">
         <name>.debug_info</name>
         <load_address>0xfc61</load_address>
         <run_address>0xfc61</run_address>
         <size>0x32f</size>
         <input_file_ref idref="fl-16"/>
      </object_component>
      <object_component id="oc-13e">
         <name>.debug_info</name>
         <load_address>0xff90</load_address>
         <run_address>0xff90</run_address>
         <size>0x29a</size>
         <input_file_ref idref="fl-16"/>
      </object_component>
      <object_component id="oc-162">
         <name>.debug_info</name>
         <load_address>0x1022a</load_address>
         <run_address>0x1022a</run_address>
         <size>0x256</size>
         <input_file_ref idref="fl-16"/>
      </object_component>
      <object_component id="oc-49">
         <name>.debug_info</name>
         <load_address>0x10480</load_address>
         <run_address>0x10480</run_address>
         <size>0x119</size>
         <input_file_ref idref="fl-cd"/>
      </object_component>
      <object_component id="oc-b7">
         <name>.debug_info</name>
         <load_address>0x10599</load_address>
         <run_address>0x10599</run_address>
         <size>0x147</size>
         <input_file_ref idref="fl-ce"/>
      </object_component>
      <object_component id="oc-b5">
         <name>.debug_info</name>
         <load_address>0x106e0</load_address>
         <run_address>0x106e0</run_address>
         <size>0x2d4</size>
         <input_file_ref idref="fl-cf"/>
      </object_component>
      <object_component id="oc-5a">
         <name>.debug_info</name>
         <load_address>0x109b4</load_address>
         <run_address>0x109b4</run_address>
         <size>0x1b5</size>
         <input_file_ref idref="fl-cf"/>
      </object_component>
      <object_component id="oc-b0">
         <name>.debug_info</name>
         <load_address>0x10b69</load_address>
         <run_address>0x10b69</run_address>
         <size>0x46</size>
         <input_file_ref idref="fl-cf"/>
      </object_component>
      <object_component id="oc-51">
         <name>.debug_info</name>
         <load_address>0x10baf</load_address>
         <run_address>0x10baf</run_address>
         <size>0x2a8</size>
         <input_file_ref idref="fl-d0"/>
      </object_component>
      <object_component id="oc-1f">
         <name>.debug_info</name>
         <load_address>0x10e57</load_address>
         <run_address>0x10e57</run_address>
         <size>0x1ea</size>
         <input_file_ref idref="fl-d0"/>
      </object_component>
      <object_component id="oc-4c">
         <name>.debug_info</name>
         <load_address>0x11041</load_address>
         <run_address>0x11041</run_address>
         <size>0x46</size>
         <input_file_ref idref="fl-d0"/>
      </object_component>
      <object_component id="oc-a8">
         <name>.debug_info</name>
         <load_address>0x11087</load_address>
         <run_address>0x11087</run_address>
         <size>0x2c</size>
         <input_file_ref idref="fl-d0"/>
      </object_component>
      <object_component id="oc-a6">
         <name>.debug_info</name>
         <load_address>0x110b3</load_address>
         <run_address>0x110b3</run_address>
         <size>0x29e</size>
         <input_file_ref idref="fl-d1"/>
      </object_component>
      <object_component id="oc-18">
         <name>.debug_info</name>
         <load_address>0x11351</load_address>
         <run_address>0x11351</run_address>
         <size>0x250</size>
         <input_file_ref idref="fl-d1"/>
      </object_component>
      <object_component id="oc-3c">
         <name>.debug_info</name>
         <load_address>0x115a1</load_address>
         <run_address>0x115a1</run_address>
         <size>0x60</size>
         <input_file_ref idref="fl-d1"/>
      </object_component>
      <object_component id="oc-121">
         <name>.debug_info</name>
         <load_address>0x11601</load_address>
         <run_address>0x11601</run_address>
         <size>0x46</size>
         <input_file_ref idref="fl-d1"/>
      </object_component>
      <object_component id="oc-a1">
         <name>.debug_info</name>
         <load_address>0x11647</load_address>
         <run_address>0x11647</run_address>
         <size>0x39</size>
         <input_file_ref idref="fl-d1"/>
      </object_component>
      <object_component id="oc-25">
         <name>.debug_info</name>
         <load_address>0x11680</load_address>
         <run_address>0x11680</run_address>
         <size>0x10b</size>
         <input_file_ref idref="fl-d2"/>
      </object_component>
      <object_component id="oc-68">
         <name>.debug_info</name>
         <load_address>0x1178b</load_address>
         <run_address>0x1178b</run_address>
         <size>0x1a9</size>
         <input_file_ref idref="fl-d2"/>
      </object_component>
      <object_component id="oc-237">
         <name>.debug_info</name>
         <load_address>0x11934</load_address>
         <run_address>0x11934</run_address>
         <size>0x4b3</size>
         <input_file_ref idref="fl-d3"/>
      </object_component>
      <object_component id="oc-188">
         <name>.debug_info</name>
         <load_address>0x11de7</load_address>
         <run_address>0x11de7</run_address>
         <size>0x1a6</size>
         <input_file_ref idref="fl-d3"/>
      </object_component>
      <object_component id="oc-299">
         <name>.debug_info</name>
         <load_address>0x11f8d</load_address>
         <run_address>0x11f8d</run_address>
         <size>0x39</size>
         <input_file_ref idref="fl-d3"/>
      </object_component>
      <object_component id="oc-2b9">
         <name>.debug_info</name>
         <load_address>0x11fc6</load_address>
         <run_address>0x11fc6</run_address>
         <size>0x39</size>
         <input_file_ref idref="fl-d3"/>
      </object_component>
      <object_component id="oc-29e">
         <name>.debug_info</name>
         <load_address>0x11fff</load_address>
         <run_address>0x11fff</run_address>
         <size>0x39</size>
         <input_file_ref idref="fl-d3"/>
      </object_component>
      <object_component id="oc-2a3">
         <name>.debug_info</name>
         <load_address>0x12038</load_address>
         <run_address>0x12038</run_address>
         <size>0xcd</size>
         <input_file_ref idref="fl-d3"/>
      </object_component>
      <object_component id="oc-be">
         <name>.debug_info</name>
         <load_address>0x12105</load_address>
         <run_address>0x12105</run_address>
         <size>0x153</size>
         <input_file_ref idref="fl-d4"/>
      </object_component>
      <object_component id="oc-17d">
         <name>.debug_info</name>
         <load_address>0x12258</load_address>
         <run_address>0x12258</run_address>
         <size>0x122</size>
         <input_file_ref idref="fl-d6"/>
      </object_component>
      <object_component id="oc-2f4">
         <name>.debug_info</name>
         <load_address>0x1237a</load_address>
         <run_address>0x1237a</run_address>
         <size>0x99</size>
      </object_component>
      <object_component id="oc-1ef">
         <name>.debug_line</name>
         <load_address>0x0</load_address>
         <run_address>0x0</run_address>
         <size>0x20</size>
         <input_file_ref idref="fl-2"/>
      </object_component>
      <object_component id="oc-10f">
         <name>.debug_line</name>
         <load_address>0x20</load_address>
         <run_address>0x20</run_address>
         <size>0x2d</size>
         <input_file_ref idref="fl-2"/>
      </object_component>
      <object_component id="oc-9f">
         <name>.debug_line</name>
         <load_address>0x4d</load_address>
         <run_address>0x4d</run_address>
         <size>0x6f</size>
         <input_file_ref idref="fl-2"/>
      </object_component>
      <object_component id="oc-119">
         <name>.debug_line</name>
         <load_address>0xbc</load_address>
         <run_address>0xbc</run_address>
         <size>0x31</size>
         <input_file_ref idref="fl-2"/>
      </object_component>
      <object_component id="oc-44">
         <name>.debug_line</name>
         <load_address>0xed</load_address>
         <run_address>0xed</run_address>
         <size>0x20</size>
         <input_file_ref idref="fl-2"/>
      </object_component>
      <object_component id="oc-1f3">
         <name>.debug_line</name>
         <load_address>0x10d</load_address>
         <run_address>0x10d</run_address>
         <size>0x31</size>
         <input_file_ref idref="fl-2"/>
      </object_component>
      <object_component id="oc-8e">
         <name>.debug_line</name>
         <load_address>0x13e</load_address>
         <run_address>0x13e</run_address>
         <size>0x31</size>
         <input_file_ref idref="fl-2"/>
      </object_component>
      <object_component id="oc-11f">
         <name>.debug_line</name>
         <load_address>0x16f</load_address>
         <run_address>0x16f</run_address>
         <size>0x73</size>
         <input_file_ref idref="fl-2"/>
      </object_component>
      <object_component id="oc-98">
         <name>.debug_line</name>
         <load_address>0x1e2</load_address>
         <run_address>0x1e2</run_address>
         <size>0x70</size>
         <input_file_ref idref="fl-2"/>
      </object_component>
      <object_component id="oc-93">
         <name>.debug_line</name>
         <load_address>0x252</load_address>
         <run_address>0x252</run_address>
         <size>0x32</size>
         <input_file_ref idref="fl-2"/>
      </object_component>
      <object_component id="oc-10a">
         <name>.debug_line</name>
         <load_address>0x284</load_address>
         <run_address>0x284</run_address>
         <size>0x6b</size>
         <input_file_ref idref="fl-2"/>
      </object_component>
      <object_component id="oc-114">
         <name>.debug_line</name>
         <load_address>0x2ef</load_address>
         <run_address>0x2ef</run_address>
         <size>0x2d</size>
         <input_file_ref idref="fl-2"/>
      </object_component>
      <object_component id="oc-27e">
         <name>.debug_line</name>
         <load_address>0x31c</load_address>
         <run_address>0x31c</run_address>
         <size>0x5d</size>
         <input_file_ref idref="fl-3"/>
      </object_component>
      <object_component id="oc-1bd">
         <name>.debug_line</name>
         <load_address>0x379</load_address>
         <run_address>0x379</run_address>
         <size>0x6b</size>
         <input_file_ref idref="fl-3"/>
      </object_component>
      <object_component id="oc-1cc">
         <name>.debug_line</name>
         <load_address>0x3e4</load_address>
         <run_address>0x3e4</run_address>
         <size>0x31</size>
         <input_file_ref idref="fl-3"/>
      </object_component>
      <object_component id="oc-282">
         <name>.debug_line</name>
         <load_address>0x415</load_address>
         <run_address>0x415</run_address>
         <size>0x35</size>
         <input_file_ref idref="fl-3"/>
      </object_component>
      <object_component id="oc-287">
         <name>.debug_line</name>
         <load_address>0x44a</load_address>
         <run_address>0x44a</run_address>
         <size>0x35</size>
         <input_file_ref idref="fl-3"/>
      </object_component>
      <object_component id="oc-178">
         <name>.debug_line</name>
         <load_address>0x47f</load_address>
         <run_address>0x47f</run_address>
         <size>0x2f</size>
         <input_file_ref idref="fl-3"/>
      </object_component>
      <object_component id="oc-25c">
         <name>.debug_line</name>
         <load_address>0x4ae</load_address>
         <run_address>0x4ae</run_address>
         <size>0x2d</size>
         <input_file_ref idref="fl-4"/>
      </object_component>
      <object_component id="oc-25a">
         <name>.debug_line</name>
         <load_address>0x4db</load_address>
         <run_address>0x4db</run_address>
         <size>0x2f</size>
         <input_file_ref idref="fl-4"/>
      </object_component>
      <object_component id="oc-251">
         <name>.debug_line</name>
         <load_address>0x50a</load_address>
         <run_address>0x50a</run_address>
         <size>0x2f</size>
         <input_file_ref idref="fl-4"/>
      </object_component>
      <object_component id="oc-258">
         <name>.debug_line</name>
         <load_address>0x539</load_address>
         <run_address>0x539</run_address>
         <size>0x2f</size>
         <input_file_ref idref="fl-4"/>
      </object_component>
      <object_component id="oc-24f">
         <name>.debug_line</name>
         <load_address>0x568</load_address>
         <run_address>0x568</run_address>
         <size>0x2f</size>
         <input_file_ref idref="fl-4"/>
      </object_component>
      <object_component id="oc-e3">
         <name>.debug_line</name>
         <load_address>0x597</load_address>
         <run_address>0x597</run_address>
         <size>0x106</size>
         <input_file_ref idref="fl-4"/>
      </object_component>
      <object_component id="oc-255">
         <name>.debug_line</name>
         <load_address>0x69d</load_address>
         <run_address>0x69d</run_address>
         <size>0x2f</size>
         <input_file_ref idref="fl-4"/>
      </object_component>
      <object_component id="oc-25e">
         <name>.debug_line</name>
         <load_address>0x6cc</load_address>
         <run_address>0x6cc</run_address>
         <size>0x20</size>
         <input_file_ref idref="fl-5"/>
      </object_component>
      <object_component id="oc-e9">
         <name>.debug_line</name>
         <load_address>0x6ec</load_address>
         <run_address>0x6ec</run_address>
         <size>0xe0</size>
         <input_file_ref idref="fl-5"/>
      </object_component>
      <object_component id="oc-225">
         <name>.debug_line</name>
         <load_address>0x7cc</load_address>
         <run_address>0x7cc</run_address>
         <size>0xed</size>
         <input_file_ref idref="fl-6"/>
      </object_component>
      <object_component id="oc-223">
         <name>.debug_line</name>
         <load_address>0x8b9</load_address>
         <run_address>0x8b9</run_address>
         <size>0x2d</size>
         <input_file_ref idref="fl-6"/>
      </object_component>
      <object_component id="oc-c6">
         <name>.debug_line</name>
         <load_address>0x8e6</load_address>
         <run_address>0x8e6</run_address>
         <size>0xe6</size>
         <input_file_ref idref="fl-6"/>
      </object_component>
      <object_component id="oc-229">
         <name>.debug_line</name>
         <load_address>0x9cc</load_address>
         <run_address>0x9cc</run_address>
         <size>0x2e</size>
         <input_file_ref idref="fl-6"/>
      </object_component>
      <object_component id="oc-106">
         <name>.debug_line</name>
         <load_address>0x9fa</load_address>
         <run_address>0x9fa</run_address>
         <size>0x3a</size>
         <input_file_ref idref="fl-7"/>
      </object_component>
      <object_component id="oc-dd">
         <name>.debug_line</name>
         <load_address>0xa34</load_address>
         <run_address>0xa34</run_address>
         <size>0x2d</size>
         <input_file_ref idref="fl-7"/>
      </object_component>
      <object_component id="oc-104">
         <name>.debug_line</name>
         <load_address>0xa61</load_address>
         <run_address>0xa61</run_address>
         <size>0x2d</size>
         <input_file_ref idref="fl-7"/>
      </object_component>
      <object_component id="oc-33">
         <name>.debug_line</name>
         <load_address>0xa8e</load_address>
         <run_address>0xa8e</run_address>
         <size>0x160</size>
         <input_file_ref idref="fl-7"/>
      </object_component>
      <object_component id="oc-2e">
         <name>.debug_line</name>
         <load_address>0xbee</load_address>
         <run_address>0xbee</run_address>
         <size>0xc2</size>
         <input_file_ref idref="fl-8"/>
      </object_component>
      <object_component id="oc-2ab">
         <name>.debug_line</name>
         <load_address>0xcb0</load_address>
         <run_address>0xcb0</run_address>
         <size>0x6b</size>
         <input_file_ref idref="fl-9"/>
      </object_component>
      <object_component id="oc-2af">
         <name>.debug_line</name>
         <load_address>0xd1b</load_address>
         <run_address>0xd1b</run_address>
         <size>0x2e</size>
         <input_file_ref idref="fl-9"/>
      </object_component>
      <object_component id="oc-2b4">
         <name>.debug_line</name>
         <load_address>0xd49</load_address>
         <run_address>0xd49</run_address>
         <size>0x2e</size>
         <input_file_ref idref="fl-9"/>
      </object_component>
      <object_component id="oc-1c2">
         <name>.debug_line</name>
         <load_address>0xd77</load_address>
         <run_address>0xd77</run_address>
         <size>0x74</size>
         <input_file_ref idref="fl-9"/>
      </object_component>
      <object_component id="oc-12b">
         <name>.debug_line</name>
         <load_address>0xdeb</load_address>
         <run_address>0xdeb</run_address>
         <size>0x6b</size>
         <input_file_ref idref="fl-a"/>
      </object_component>
      <object_component id="oc-1b9">
         <name>.debug_line</name>
         <load_address>0xe56</load_address>
         <run_address>0xe56</run_address>
         <size>0x9b</size>
         <input_file_ref idref="fl-b"/>
      </object_component>
      <object_component id="oc-d5">
         <name>.debug_line</name>
         <load_address>0xef1</load_address>
         <run_address>0xef1</run_address>
         <size>0x2e</size>
         <input_file_ref idref="fl-b"/>
      </object_component>
      <object_component id="oc-1df">
         <name>.debug_line</name>
         <load_address>0xf1f</load_address>
         <run_address>0xf1f</run_address>
         <size>0x2e</size>
         <input_file_ref idref="fl-b"/>
      </object_component>
      <object_component id="oc-1eb">
         <name>.debug_line</name>
         <load_address>0xf4d</load_address>
         <run_address>0xf4d</run_address>
         <size>0x2e</size>
         <input_file_ref idref="fl-b"/>
      </object_component>
      <object_component id="oc-1ed">
         <name>.debug_line</name>
         <load_address>0xf7b</load_address>
         <run_address>0xf7b</run_address>
         <size>0x2e</size>
         <input_file_ref idref="fl-b"/>
      </object_component>
      <object_component id="oc-1e3">
         <name>.debug_line</name>
         <load_address>0xfa9</load_address>
         <run_address>0xfa9</run_address>
         <size>0x2e</size>
         <input_file_ref idref="fl-b"/>
      </object_component>
      <object_component id="oc-1e7">
         <name>.debug_line</name>
         <load_address>0xfd7</load_address>
         <run_address>0xfd7</run_address>
         <size>0x2e</size>
         <input_file_ref idref="fl-b"/>
      </object_component>
      <object_component id="oc-1e1">
         <name>.debug_line</name>
         <load_address>0x1005</load_address>
         <run_address>0x1005</run_address>
         <size>0x2e</size>
         <input_file_ref idref="fl-b"/>
      </object_component>
      <object_component id="oc-1e5">
         <name>.debug_line</name>
         <load_address>0x1033</load_address>
         <run_address>0x1033</run_address>
         <size>0x2e</size>
         <input_file_ref idref="fl-b"/>
      </object_component>
      <object_component id="oc-1e9">
         <name>.debug_line</name>
         <load_address>0x1061</load_address>
         <run_address>0x1061</run_address>
         <size>0x2e</size>
         <input_file_ref idref="fl-b"/>
      </object_component>
      <object_component id="oc-84">
         <name>.debug_line</name>
         <load_address>0x108f</load_address>
         <run_address>0x108f</run_address>
         <size>0xe0d</size>
         <input_file_ref idref="fl-b"/>
      </object_component>
      <object_component id="oc-da">
         <name>.debug_line</name>
         <load_address>0x1e9c</load_address>
         <run_address>0x1e9c</run_address>
         <size>0x2d</size>
         <input_file_ref idref="fl-b"/>
      </object_component>
      <object_component id="oc-1c7">
         <name>.debug_line</name>
         <load_address>0x1ec9</load_address>
         <run_address>0x1ec9</run_address>
         <size>0x2e</size>
         <input_file_ref idref="fl-b"/>
      </object_component>
      <object_component id="oc-9b">
         <name>.debug_line</name>
         <load_address>0x1ef7</load_address>
         <run_address>0x1ef7</run_address>
         <size>0x41</size>
         <input_file_ref idref="fl-d"/>
      </object_component>
      <object_component id="oc-39">
         <name>.debug_line</name>
         <load_address>0x1f38</load_address>
         <run_address>0x1f38</run_address>
         <size>0x41</size>
         <input_file_ref idref="fl-d"/>
      </object_component>
      <object_component id="oc-29">
         <name>.debug_line</name>
         <load_address>0x1f79</load_address>
         <run_address>0x1f79</run_address>
         <size>0xa1</size>
         <input_file_ref idref="fl-d"/>
      </object_component>
      <object_component id="oc-277">
         <name>.debug_line</name>
         <load_address>0x201a</load_address>
         <run_address>0x201a</run_address>
         <size>0x82</size>
         <input_file_ref idref="fl-13"/>
      </object_component>
      <object_component id="oc-15f">
         <name>.debug_line</name>
         <load_address>0x209c</load_address>
         <run_address>0x209c</run_address>
         <size>0x92</size>
         <input_file_ref idref="fl-13"/>
      </object_component>
      <object_component id="oc-206">
         <name>.debug_line</name>
         <load_address>0x212e</load_address>
         <run_address>0x212e</run_address>
         <size>0x95</size>
         <input_file_ref idref="fl-13"/>
      </object_component>
      <object_component id="oc-200">
         <name>.debug_line</name>
         <load_address>0x21c3</load_address>
         <run_address>0x21c3</run_address>
         <size>0xc4</size>
         <input_file_ref idref="fl-13"/>
      </object_component>
      <object_component id="oc-159">
         <name>.debug_line</name>
         <load_address>0x2287</load_address>
         <run_address>0x2287</run_address>
         <size>0x99</size>
         <input_file_ref idref="fl-13"/>
      </object_component>
      <object_component id="oc-13b">
         <name>.debug_line</name>
         <load_address>0x2320</load_address>
         <run_address>0x2320</run_address>
         <size>0x99</size>
         <input_file_ref idref="fl-13"/>
      </object_component>
      <object_component id="oc-272">
         <name>.debug_line</name>
         <load_address>0x23b9</load_address>
         <run_address>0x23b9</run_address>
         <size>0x71</size>
         <input_file_ref idref="fl-13"/>
      </object_component>
      <object_component id="oc-20c">
         <name>.debug_line</name>
         <load_address>0x242a</load_address>
         <run_address>0x242a</run_address>
         <size>0x20</size>
         <input_file_ref idref="fl-13"/>
      </object_component>
      <object_component id="oc-262">
         <name>.debug_line</name>
         <load_address>0x244a</load_address>
         <run_address>0x244a</run_address>
         <size>0x75</size>
         <input_file_ref idref="fl-13"/>
      </object_component>
      <object_component id="oc-26d">
         <name>.debug_line</name>
         <load_address>0x24bf</load_address>
         <run_address>0x24bf</run_address>
         <size>0x71</size>
         <input_file_ref idref="fl-13"/>
      </object_component>
      <object_component id="oc-1f9">
         <name>.debug_line</name>
         <load_address>0x2530</load_address>
         <run_address>0x2530</run_address>
         <size>0x72</size>
         <input_file_ref idref="fl-13"/>
      </object_component>
      <object_component id="oc-265">
         <name>.debug_line</name>
         <load_address>0x25a2</load_address>
         <run_address>0x25a2</run_address>
         <size>0x13d</size>
         <input_file_ref idref="fl-15"/>
      </object_component>
      <object_component id="oc-27b">
         <name>.debug_line</name>
         <load_address>0x26df</load_address>
         <run_address>0x26df</run_address>
         <size>0x7f</size>
         <input_file_ref idref="fl-15"/>
      </object_component>
      <object_component id="oc-135">
         <name>.debug_line</name>
         <load_address>0x275e</load_address>
         <run_address>0x275e</run_address>
         <size>0x94</size>
         <input_file_ref idref="fl-15"/>
      </object_component>
      <object_component id="oc-16b">
         <name>.debug_line</name>
         <load_address>0x27f2</load_address>
         <run_address>0x27f2</run_address>
         <size>0xee</size>
         <input_file_ref idref="fl-15"/>
      </object_component>
      <object_component id="oc-147">
         <name>.debug_line</name>
         <load_address>0x28e0</load_address>
         <run_address>0x28e0</run_address>
         <size>0x118</size>
         <input_file_ref idref="fl-15"/>
      </object_component>
      <object_component id="oc-268">
         <name>.debug_line</name>
         <load_address>0x29f8</load_address>
         <run_address>0x29f8</run_address>
         <size>0x7f</size>
         <input_file_ref idref="fl-15"/>
      </object_component>
      <object_component id="oc-279">
         <name>.debug_line</name>
         <load_address>0x2a77</load_address>
         <run_address>0x2a77</run_address>
         <size>0x82</size>
         <input_file_ref idref="fl-16"/>
      </object_component>
      <object_component id="oc-153">
         <name>.debug_line</name>
         <load_address>0x2af9</load_address>
         <run_address>0x2af9</run_address>
         <size>0x93</size>
         <input_file_ref idref="fl-16"/>
      </object_component>
      <object_component id="oc-219">
         <name>.debug_line</name>
         <load_address>0x2b8c</load_address>
         <run_address>0x2b8c</run_address>
         <size>0x96</size>
         <input_file_ref idref="fl-16"/>
      </object_component>
      <object_component id="oc-14d">
         <name>.debug_line</name>
         <load_address>0x2c22</load_address>
         <run_address>0x2c22</run_address>
         <size>0xb3</size>
         <input_file_ref idref="fl-16"/>
      </object_component>
      <object_component id="oc-141">
         <name>.debug_line</name>
         <load_address>0x2cd5</load_address>
         <run_address>0x2cd5</run_address>
         <size>0x92</size>
         <input_file_ref idref="fl-16"/>
      </object_component>
      <object_component id="oc-165">
         <name>.debug_line</name>
         <load_address>0x2d67</load_address>
         <run_address>0x2d67</run_address>
         <size>0x93</size>
         <input_file_ref idref="fl-16"/>
      </object_component>
      <object_component id="oc-48">
         <name>.debug_line</name>
         <load_address>0x2dfa</load_address>
         <run_address>0x2dfa</run_address>
         <size>0x88</size>
         <input_file_ref idref="fl-cd"/>
      </object_component>
      <object_component id="oc-ba">
         <name>.debug_line</name>
         <load_address>0x2e82</load_address>
         <run_address>0x2e82</run_address>
         <size>0x79</size>
         <input_file_ref idref="fl-ce"/>
      </object_component>
      <object_component id="oc-12e">
         <name>.debug_line</name>
         <load_address>0x2efb</load_address>
         <run_address>0x2efb</run_address>
         <size>0x92</size>
         <input_file_ref idref="fl-cf"/>
      </object_component>
      <object_component id="oc-59">
         <name>.debug_line</name>
         <load_address>0x2f8d</load_address>
         <run_address>0x2f8d</run_address>
         <size>0x53</size>
         <input_file_ref idref="fl-cf"/>
      </object_component>
      <object_component id="oc-b3">
         <name>.debug_line</name>
         <load_address>0x2fe0</load_address>
         <run_address>0x2fe0</run_address>
         <size>0x34</size>
         <input_file_ref idref="fl-cf"/>
      </object_component>
      <object_component id="oc-ae">
         <name>.debug_line</name>
         <load_address>0x3014</load_address>
         <run_address>0x3014</run_address>
         <size>0x20</size>
         <input_file_ref idref="fl-d0"/>
      </object_component>
      <object_component id="oc-1d">
         <name>.debug_line</name>
         <load_address>0x3034</load_address>
         <run_address>0x3034</run_address>
         <size>0x55</size>
         <input_file_ref idref="fl-d0"/>
      </object_component>
      <object_component id="oc-4f">
         <name>.debug_line</name>
         <load_address>0x3089</load_address>
         <run_address>0x3089</run_address>
         <size>0x3a</size>
         <input_file_ref idref="fl-d0"/>
      </object_component>
      <object_component id="oc-ab">
         <name>.debug_line</name>
         <load_address>0x30c3</load_address>
         <run_address>0x30c3</run_address>
         <size>0x92</size>
         <input_file_ref idref="fl-d0"/>
      </object_component>
      <object_component id="oc-127">
         <name>.debug_line</name>
         <load_address>0x3155</load_address>
         <run_address>0x3155</run_address>
         <size>0x20</size>
         <input_file_ref idref="fl-d1"/>
      </object_component>
      <object_component id="oc-17">
         <name>.debug_line</name>
         <load_address>0x3175</load_address>
         <run_address>0x3175</run_address>
         <size>0xa9</size>
         <input_file_ref idref="fl-d1"/>
      </object_component>
      <object_component id="oc-3f">
         <name>.debug_line</name>
         <load_address>0x321e</load_address>
         <run_address>0x321e</run_address>
         <size>0x3a</size>
         <input_file_ref idref="fl-d1"/>
      </object_component>
      <object_component id="oc-124">
         <name>.debug_line</name>
         <load_address>0x3258</load_address>
         <run_address>0x3258</run_address>
         <size>0x9a</size>
         <input_file_ref idref="fl-d1"/>
      </object_component>
      <object_component id="oc-a4">
         <name>.debug_line</name>
         <load_address>0x32f2</load_address>
         <run_address>0x32f2</run_address>
         <size>0x96</size>
         <input_file_ref idref="fl-d1"/>
      </object_component>
      <object_component id="oc-77">
         <name>.debug_line</name>
         <load_address>0x3388</load_address>
         <run_address>0x3388</run_address>
         <size>0x33</size>
         <input_file_ref idref="fl-d2"/>
      </object_component>
      <object_component id="oc-65">
         <name>.debug_line</name>
         <load_address>0x33bb</load_address>
         <run_address>0x33bb</run_address>
         <size>0x45</size>
         <input_file_ref idref="fl-d2"/>
      </object_component>
      <object_component id="oc-298">
         <name>.debug_line</name>
         <load_address>0x3400</load_address>
         <run_address>0x3400</run_address>
         <size>0xbf</size>
         <input_file_ref idref="fl-d3"/>
      </object_component>
      <object_component id="oc-187">
         <name>.debug_line</name>
         <load_address>0x34bf</load_address>
         <run_address>0x34bf</run_address>
         <size>0x6f</size>
         <input_file_ref idref="fl-d3"/>
      </object_component>
      <object_component id="oc-29c">
         <name>.debug_line</name>
         <load_address>0x352e</load_address>
         <run_address>0x352e</run_address>
         <size>0x2e</size>
         <input_file_ref idref="fl-d3"/>
      </object_component>
      <object_component id="oc-2bc">
         <name>.debug_line</name>
         <load_address>0x355c</load_address>
         <run_address>0x355c</run_address>
         <size>0x9a</size>
         <input_file_ref idref="fl-d3"/>
      </object_component>
      <object_component id="oc-2a1">
         <name>.debug_line</name>
         <load_address>0x35f6</load_address>
         <run_address>0x35f6</run_address>
         <size>0x97</size>
         <input_file_ref idref="fl-d3"/>
      </object_component>
      <object_component id="oc-2a6">
         <name>.debug_line</name>
         <load_address>0x368d</load_address>
         <run_address>0x368d</run_address>
         <size>0x93</size>
         <input_file_ref idref="fl-d3"/>
      </object_component>
      <object_component id="oc-bd">
         <name>.debug_line</name>
         <load_address>0x3720</load_address>
         <run_address>0x3720</run_address>
         <size>0x40</size>
         <input_file_ref idref="fl-d4"/>
      </object_component>
      <object_component id="oc-17f">
         <name>.debug_line</name>
         <load_address>0x3760</load_address>
         <run_address>0x3760</run_address>
         <size>0x3c</size>
         <input_file_ref idref="fl-d6"/>
      </object_component>
      <object_component id="oc-1ee">
         <name>.debug_abbrev</name>
         <load_address>0x0</load_address>
         <run_address>0x0</run_address>
         <size>0x76</size>
         <input_file_ref idref="fl-2"/>
      </object_component>
      <object_component id="oc-10e">
         <name>.debug_abbrev</name>
         <load_address>0x76</load_address>
         <run_address>0x76</run_address>
         <size>0x9f</size>
         <input_file_ref idref="fl-2"/>
      </object_component>
      <object_component id="oc-9e">
         <name>.debug_abbrev</name>
         <load_address>0x115</load_address>
         <run_address>0x115</run_address>
         <size>0x69</size>
         <input_file_ref idref="fl-2"/>
      </object_component>
      <object_component id="oc-118">
         <name>.debug_abbrev</name>
         <load_address>0x17e</load_address>
         <run_address>0x17e</run_address>
         <size>0x70</size>
         <input_file_ref idref="fl-2"/>
      </object_component>
      <object_component id="oc-43">
         <name>.debug_abbrev</name>
         <load_address>0x1ee</load_address>
         <run_address>0x1ee</run_address>
         <size>0x1f</size>
         <input_file_ref idref="fl-2"/>
      </object_component>
      <object_component id="oc-1f2">
         <name>.debug_abbrev</name>
         <load_address>0x20d</load_address>
         <run_address>0x20d</run_address>
         <size>0x72</size>
         <input_file_ref idref="fl-2"/>
      </object_component>
      <object_component id="oc-8d">
         <name>.debug_abbrev</name>
         <load_address>0x27f</load_address>
         <run_address>0x27f</run_address>
         <size>0x24</size>
         <input_file_ref idref="fl-2"/>
      </object_component>
      <object_component id="oc-11e">
         <name>.debug_abbrev</name>
         <load_address>0x2a3</load_address>
         <run_address>0x2a3</run_address>
         <size>0x5c</size>
         <input_file_ref idref="fl-2"/>
      </object_component>
      <object_component id="oc-97">
         <name>.debug_abbrev</name>
         <load_address>0x2ff</load_address>
         <run_address>0x2ff</run_address>
         <size>0x24</size>
         <input_file_ref idref="fl-2"/>
      </object_component>
      <object_component id="oc-92">
         <name>.debug_abbrev</name>
         <load_address>0x323</load_address>
         <run_address>0x323</run_address>
         <size>0x24</size>
         <input_file_ref idref="fl-2"/>
      </object_component>
      <object_component id="oc-109">
         <name>.debug_abbrev</name>
         <load_address>0x347</load_address>
         <run_address>0x347</run_address>
         <size>0x24</size>
         <input_file_ref idref="fl-2"/>
      </object_component>
      <object_component id="oc-113">
         <name>.debug_abbrev</name>
         <load_address>0x36b</load_address>
         <run_address>0x36b</run_address>
         <size>0x61</size>
         <input_file_ref idref="fl-2"/>
      </object_component>
      <object_component id="oc-27d">
         <name>.debug_abbrev</name>
         <load_address>0x3cc</load_address>
         <run_address>0x3cc</run_address>
         <size>0x111</size>
         <input_file_ref idref="fl-3"/>
      </object_component>
      <object_component id="oc-1bc">
         <name>.debug_abbrev</name>
         <load_address>0x4dd</load_address>
         <run_address>0x4dd</run_address>
         <size>0x5a</size>
         <input_file_ref idref="fl-3"/>
      </object_component>
      <object_component id="oc-1cb">
         <name>.debug_abbrev</name>
         <load_address>0x537</load_address>
         <run_address>0x537</run_address>
         <size>0x70</size>
         <input_file_ref idref="fl-3"/>
      </object_component>
      <object_component id="oc-281">
         <name>.debug_abbrev</name>
         <load_address>0x5a7</load_address>
         <run_address>0x5a7</run_address>
         <size>0x4b</size>
         <input_file_ref idref="fl-3"/>
      </object_component>
      <object_component id="oc-286">
         <name>.debug_abbrev</name>
         <load_address>0x5f2</load_address>
         <run_address>0x5f2</run_address>
         <size>0x24</size>
         <input_file_ref idref="fl-3"/>
      </object_component>
      <object_component id="oc-177">
         <name>.debug_abbrev</name>
         <load_address>0x616</load_address>
         <run_address>0x616</run_address>
         <size>0x33</size>
         <input_file_ref idref="fl-3"/>
      </object_component>
      <object_component id="oc-25b">
         <name>.debug_abbrev</name>
         <load_address>0x649</load_address>
         <run_address>0x649</run_address>
         <size>0xbf</size>
         <input_file_ref idref="fl-4"/>
      </object_component>
      <object_component id="oc-259">
         <name>.debug_abbrev</name>
         <load_address>0x708</load_address>
         <run_address>0x708</run_address>
         <size>0x27</size>
         <input_file_ref idref="fl-4"/>
      </object_component>
      <object_component id="oc-250">
         <name>.debug_abbrev</name>
         <load_address>0x72f</load_address>
         <run_address>0x72f</run_address>
         <size>0x27</size>
         <input_file_ref idref="fl-4"/>
      </object_component>
      <object_component id="oc-257">
         <name>.debug_abbrev</name>
         <load_address>0x756</load_address>
         <run_address>0x756</run_address>
         <size>0x27</size>
         <input_file_ref idref="fl-4"/>
      </object_component>
      <object_component id="oc-24e">
         <name>.debug_abbrev</name>
         <load_address>0x77d</load_address>
         <run_address>0x77d</run_address>
         <size>0x27</size>
         <input_file_ref idref="fl-4"/>
      </object_component>
      <object_component id="oc-1da">
         <name>.debug_abbrev</name>
         <load_address>0x7a4</load_address>
         <run_address>0x7a4</run_address>
         <size>0x10c</size>
         <input_file_ref idref="fl-4"/>
      </object_component>
      <object_component id="oc-254">
         <name>.debug_abbrev</name>
         <load_address>0x8b0</load_address>
         <run_address>0x8b0</run_address>
[...]
      <symbol id="sm-e">
         <name>__TI_prof_data_start</name>
         <value>0xffffffff</value>
      </symbol>
      <symbol id="sm-f">
         <name>__TI_prof_data_size</name>
         <value>0xffffffff</value>
      </symbol>
      <symbol id="sm-c7">
         <name>vPortInitialiseBlocks</name>
         <value>0x279d</value>
         <object_component_ref idref="oc-de"/>
      </symbol>
      <symbol id="sm-c8">
         <name>xPortGetFreeHeapSize</name>
         <value>0x2797</value>
         <object_component_ref idref="oc-de"/>
      </symbol>
      <symbol id="sm-c9">
         <name>pvPortMalloc</name>
         <value>0x2621</value>
         <object_component_ref idref="oc-de"/>
      </symbol>
      <symbol id="sm-ca">
         <name>vPortFree</name>
         <value>0x2739</value>
         <object_component_ref idref="oc-de"/>
      </symbol>
      <symbol id="sm-e0">
         <name>uxListRemove</name>
         <value>0x2dd3</value>
         <object_component_ref idref="oc-e4"/>
      </symbol>
      <symbol id="sm-e1">
         <name>vListInsert</name>
         <value>0x2d65</value>
         <object_component_ref idref="oc-e4"/>
      </symbol>
      <symbol id="sm-e2">
         <name>vListInitialiseItem</name>
         <value>0x2d19</value>
         <object_component_ref idref="oc-e4"/>
      </symbol>
      <symbol id="sm-e3">
         <name>vListInsertEnd</name>
         <value>0x2d29</value>
         <object_component_ref idref="oc-e4"/>
      </symbol>
      <symbol id="sm-e4">
         <name>vListInitialise</name>
         <value>0x2ce9</value>
         <object_component_ref idref="oc-e4"/>
      </symbol>
      <symbol id="sm-11a">
         <name>Timer_Function1</name>
         <value>0x20004f00</value>
      </symbol>
      <symbol id="sm-11b">
         <name>Task1</name>
         <value>0x2a47</value>
         <object_component_ref idref="oc-c2"/>
      </symbol>
      <symbol id="sm-11c">
         <name>PORTF_Init</name>
         <value>0x29c1</value>
         <object_component_ref idref="oc-c2"/>
      </symbol>
      <symbol id="sm-11d">
         <name>main</name>
         <value>0x2ae9</value>
         <object_component_ref idref="oc-c2"/>
      </symbol>
      <symbol id="sm-11e">
         <name>UART0_Init</name>
         <value>0x29d3</value>
         <object_component_ref idref="oc-c2"/>
      </symbol>
      <symbol id="sm-11f">
         <name>MyTimer</name>
         <value>0x2a0d</value>
         <object_component_ref idref="oc-c2"/>
      </symbol>
      <symbol id="sm-15d">
         <name>ulMaxSyscallInterruptPriority</name>
         <value>0x34bc</value>
         <object_component_ref idref="oc-7c"/>
      </symbol>
      <symbol id="sm-15e">
         <name>vPortSetupTimerInterrupt</name>
         <value>0x2955</value>
         <object_component_ref idref="oc-32"/>
      </symbol>
      <symbol id="sm-15f">
         <name>vPortEndScheduler</name>
         <value>0x28f7</value>
         <object_component_ref idref="oc-32"/>
      </symbol>
      <symbol id="sm-160">
         <name>xPortSysTickHandler</name>
         <value>0x292f</value>
         <object_component_ref idref="oc-32"/>
      </symbol>
      <symbol id="sm-161">
         <name>vPortValidateInterruptPriority</name>
         <value>0x296f</value>
         <object_component_ref idref="oc-32"/>
      </symbol>
      <symbol id="sm-162">
         <name>pxPortInitialiseStack</name>
         <value>0x27f9</value>
         <object_component_ref idref="oc-32"/>
      </symbol>
      <symbol id="sm-163">
         <name>vPortExitCritical</name>
         <value>0x2919</value>
         <object_component_ref idref="oc-32"/>
      </symbol>
      <symbol id="sm-164">
         <name>xPortStartScheduler</name>
         <value>0x2863</value>
         <object_component_ref idref="oc-32"/>
      </symbol>
      <symbol id="sm-165">
         <name>vPortEnterCritical</name>
         <value>0x28f9</value>
         <object_component_ref idref="oc-32"/>
      </symbol>
      <symbol id="sm-174">
         <name>vPortStartFirstTask</name>
         <value>0x30d1</value>
         <object_component_ref idref="oc-2d"/>
      </symbol>
      <symbol id="sm-175">
         <name>ulPortGetIPSR</name>
         <value>0x3039</value>
         <object_component_ref idref="oc-2d"/>
      </symbol>
      <symbol id="sm-176">
         <name>vPortEnableVFP</name>
         <value>0x30f5</value>
         <object_component_ref idref="oc-2d"/>
      </symbol>
      <symbol id="sm-177">
         <name>xPortPendSVHandler</name>
         <value>0x3051</value>
         <object_component_ref idref="oc-2d"/>
      </symbol>
      <symbol id="sm-178">
         <name>vPortSVCHandler</name>
         <value>0x30b1</value>
         <object_component_ref idref="oc-2d"/>
      </symbol>
      <symbol id="sm-3e1">
         <name>vTaskDelay</name>
         <value>0x601</value>
         <object_component_ref idref="oc-7f"/>
      </symbol>
      <symbol id="sm-3e2">
         <name>vTaskSuspendAll</name>
         <value>0xbfd</value>
         <object_component_ref idref="oc-7f"/>
      </symbol>
      <symbol id="sm-3e3">
         <name>vTaskPlaceOnEventList</name>
         <value>0x13d1</value>
         <object_component_ref idref="oc-7f"/>
      </symbol>
      <symbol id="sm-3e4">
         <name>vTaskSetTaskNumber</name>
         <value>0x17f1</value>
         <object_component_ref idref="oc-7f"/>
      </symbol>
      <symbol id="sm-3e5">
         <name>uxTaskPriorityGetFromISR</name>
         <value>0x741</value>
         <object_component_ref idref="oc-7f"/>
      </symbol>
      <symbol id="sm-3e6">
         <name>pcTaskGetName</name>
         <value>0xe19</value>
         <object_component_ref idref="oc-7f"/>
      </symbol>
      <symbol id="sm-3e7">
         <name>xTaskCheckForTimeOut</name>
         <value>0x1719</value>
         <object_component_ref idref="oc-7f"/>
      </symbol>
      <symbol id="sm-3e8">
         <name>vTaskGenericNotifyGiveFromISR</name>
         <value>0x2321</value>
         <object_component_ref idref="oc-7f"/>
      </symbol>
      <symbol id="sm-3e9">
         <name>vTaskRemoveFromUnorderedEventList</name>
         <value>0x15c1</value>
         <object_component_ref idref="oc-7f"/>
      </symbol>
      <symbol id="sm-3ea">
         <name>vTaskPrioritySet</name>
         <value>0x78d</value>
         <object_component_ref idref="oc-7f"/>
      </symbol>
      <symbol id="sm-3eb">
         <name>xTaskPriorityDisinherit</name>
         <value>0x1c31</value>
         <object_component_ref idref="oc-7f"/>
      </symbol>
      <symbol id="sm-3ec">
         <name>xTaskAbortDelay</name>
         <value>0x10a1</value>
         <object_component_ref idref="oc-7f"/>
      </symbol>
      <symbol id="sm-3ed">
         <name>vTaskStartScheduler</name>
         <value>0xb97</value>
         <object_component_ref idref="oc-7f"/>
      </symbol>
      <symbol id="sm-3ee">
         <name>vTaskInternalSetTimeOutState</name>
         <value>0x16fb</value>
         <object_component_ref idref="oc-7f"/>
      </symbol>
      <symbol id="sm-3ef">
         <name>pvTaskIncrementMutexHeldCount</name>
         <value>0x1e1f</value>
         <object_component_ref idref="oc-7f"/>
      </symbol>
      <symbol id="sm-3f0">
         <name>uxTaskGetStackHighWaterMark</name>
         <value>0x1a65</value>
         <object_component_ref idref="oc-7f"/>
      </symbol>
      <symbol id="sm-3f1">
         <name>xTaskGenericNotifyStateClear</name>
         <value>0x2489</value>
         <object_component_ref idref="oc-7f"/>
      </symbol>
      <symbol id="sm-3f2">
         <name>xTaskGenericNotify</name>
         <value>0x1fb5</value>
         <object_component_ref idref="oc-7f"/>
      </symbol>
      <symbol id="sm-3f3">
         <name>vTaskPriorityDisinheritAfterTimeout</name>
         <value>0x1d05</value>
         <object_component_ref idref="oc-7f"/>
      </symbol>
      <symbol id="sm-3f4">
         <name>xTaskCreate</name>
         <value>0x26d</value>
         <object_component_ref idref="oc-7f"/>
      </symbol>
      <symbol id="sm-3f5">
         <name>xTaskDelayUntil</name>
         <value>0x553</value>
         <object_component_ref idref="oc-7f"/>
      </symbol>
      <symbol id="sm-3f6">
         <name>uxTaskGetTaskNumber</name>
         <value>0x17d1</value>
         <object_component_ref idref="oc-7f"/>
      </symbol>
      <symbol id="sm-3f7">
         <name>vTaskEndScheduler</name>
         <value>0xbe1</value>
         <object_component_ref idref="oc-7f"/>
      </symbol>
      <symbol id="sm-3f8">
         <name>vTaskMissedYield</name>
         <value>0x17c5</value>
         <object_component_ref idref="oc-7f"/>
      </symbol>
      <symbol id="sm-3f9">
         <name>uxTaskGetNumberOfTasks</name>
         <value>0xe0d</value>
         <object_component_ref idref="oc-7f"/>
      </symbol>
      <symbol id="sm-3fa">
         <name>xTaskCatchUpTicks</name>
         <value>0x1081</value>
         <object_component_ref idref="oc-7f"/>
      </symbol>
      <symbol id="sm-3fb">
         <name>xTaskGenericNotifyFromISR</name>
         <value>0x213d</value>
         <object_component_ref idref="oc-7f"/>
      </symbol>
      <symbol id="sm-3fc">
         <name>vTaskGetInfo</name>
         <value>0x18d5</value>
         <object_component_ref idref="oc-7f"/>
      </symbol>
      <symbol id="sm-3fd">
         <name>uxTaskPriorityGet</name>
         <value>0x719</value>
         <object_component_ref idref="oc-7f"/>
      </symbol>
      <symbol id="sm-3fe">
         <name>xTaskResumeAll</name>
         <value>0xc19</value>
         <object_component_ref idref="oc-7f"/>
      </symbol>
      <symbol id="sm-3ff">
         <name>xTaskGetHandle</name>
         <value>0xf25</value>
         <object_component_ref idref="oc-7f"/>
      </symbol>
      <symbol id="sm-400">
         <name>xTaskGetTickCount</name>
         <value>0xdb9</value>
         <object_component_ref idref="oc-7f"/>
      </symbol>
      <symbol id="sm-401">
         <name>ulTaskGenericNotifyTake</name>
         <value>0x1e45</value>
         <object_component_ref idref="oc-7f"/>
      </symbol>
      <symbol id="sm-402">
         <name>uxTaskGetSystemState</name>
         <value>0xfa9</value>
         <object_component_ref idref="oc-7f"/>
      </symbol>
      <symbol id="sm-403">
         <name>vTaskDelete</name>
         <value>0x4c7</value>
         <object_component_ref idref="oc-7f"/>
      </symbol>
      <symbol id="sm-404">
         <name>ulTaskGenericNotifyValueClear</name>
         <value>0x24d3</value>
         <object_component_ref idref="oc-7f"/>
      </symbol>
      <symbol id="sm-405">
         <name>xTaskGenericNotifyWait</name>
         <value>0x1eeb</value>
         <object_component_ref idref="oc-7f"/>
      </symbol>
      <symbol id="sm-406">
         <name>pxCurrentTCB</name>
         <value>0x20005108</value>
         <object_component_ref idref="oc-79"/>
      </symbol>
      <symbol id="sm-407">
         <name>eTaskGetState</name>
         <value>0x655</value>
         <object_component_ref idref="oc-7f"/>
      </symbol>
      <symbol id="sm-408">
         <name>vTaskSuspend</name>
         <value>0x8dd</value>
         <object_component_ref idref="oc-7f"/>
      </symbol>
      <symbol id="sm-409">
         <name>xTaskGetIdleTaskHandle</name>
         <value>0x107b</value>
         <object_component_ref idref="oc-7f"/>
      </symbol>
      <symbol id="sm-40a">
         <name>xTaskGetTickCountFromISR</name>
         <value>0xdd9</value>
         <object_component_ref idref="oc-7f"/>
      </symbol>
      <symbol id="sm-40b">
         <name>vTaskResume</name>
         <value>0x9ef</value>
         <object_component_ref idref="oc-7f"/>
      </symbol>
      <symbol id="sm-40c">
         <name>uxTopUsedPriority</name>
         <value>0x34cc</value>
         <object_component_ref idref="oc-f9"/>
      </symbol>
      <symbol id="sm-40d">
         <name>vTaskSetTimeOutState</name>
         <value>0x16dd</value>
         <object_component_ref idref="oc-7f"/>
      </symbol>
      <symbol id="sm-40e">
         <name>xTaskIncrementTick</name>
         <value>0x1181</value>
         <object_component_ref idref="oc-7f"/>
      </symbol>
      <symbol id="sm-40f">
         <name>vTaskSwitchContext</name>
         <value>0x134d</value>
         <object_component_ref idref="oc-7f"/>
      </symbol>
      <symbol id="sm-410">
         <name>uxTaskResetEventItemValue</name>
         <value>0x1df9</value>
         <object_component_ref idref="oc-7f"/>
      </symbol>
      <symbol id="sm-411">
         <name>xTaskGetSchedulerState</name>
         <value>0x1af1</value>
         <object_component_ref idref="oc-7f"/>
      </symbol>
      <symbol id="sm-412">
         <name>xTaskResumeFromISR</name>
         <value>0xabd</value>
         <object_component_ref idref="oc-7f"/>
      </symbol>
      <symbol id="sm-413">
         <name>xTaskGetCurrentTaskHandle</name>
         <value>0x1ad1</value>
         <object_component_ref idref="oc-7f"/>
      </symbol>
      <symbol id="sm-414">
         <name>vTaskPlaceOnUnorderedEventList</name>
         <value>0x1401</value>
         <object_component_ref idref="oc-7f"/>
      </symbol>
      <symbol id="sm-415">
         <name>xTaskRemoveFromEventList</name>
         <value>0x146d</value>
         <object_component_ref idref="oc-7f"/>
      </symbol>
      <symbol id="sm-416">
         <name>xTaskPriorityInherit</name>
         <value>0x1b31</value>
         <object_component_ref idref="oc-7f"/>
      </symbol>
      <symbol id="sm-433">
         <name>ResetISR</name>
         <value>0x341f</value>
         <object_component_ref idref="oc-27"/>
      </symbol>
      <symbol id="sm-434">
         <name>g_pfnVectors</name>
         <value>0x0</value>
         <object_component_ref idref="oc-12"/>
      </symbol>
      <symbol id="sm-483">
         <name>GPIOPinTypeUART</name>
         <value>0x33db</value>
         <object_component_ref idref="oc-155"/>
      </symbol>
      <symbol id="sm-484">
         <name>GPIOPinTypeGPIOOutput</name>
         <value>0x33c1</value>
         <object_component_ref idref="oc-137"/>
      </symbol>
      <symbol id="sm-485">
         <name>GPIODirModeSet</name>
         <value>0x3375</value>
         <object_component_ref idref="oc-202"/>
      </symbol>
      <symbol id="sm-486">
         <name>GPIOPinWrite</name>
         <value>0x3435</value>
         <object_component_ref idref="oc-15b"/>
      </symbol>
      <symbol id="sm-487">
         <name>GPIOPadConfigSet</name>
         <value>0x2b7d</value>
         <object_component_ref idref="oc-1fc"/>
      </symbol>
      <symbol id="sm-4db">
         <name>SysCtlClockSet</name>
         <value>0x2f35</value>
         <object_component_ref idref="oc-167"/>
      </symbol>
      <symbol id="sm-4dc">
         <name>SysCtlDelay</name>
         <value>0x343b</value>
         <object_component_ref idref="oc-220"/>
      </symbol>
      <symbol id="sm-4dd">
         <name>SysCtlPeripheralEnable</name>
         <value>0x330d</value>
         <object_component_ref idref="oc-131"/>
      </symbol>
      <symbol id="sm-4de">
         <name>SysCtlClockGet</name>
         <value>0x2e1d</value>
         <object_component_ref idref="oc-143"/>
      </symbol>
      <symbol id="sm-510">
         <name>UARTConfigSetExpClk</name>
         <value>0x3281</value>
         <object_component_ref idref="oc-149"/>
      </symbol>
      <symbol id="sm-511">
         <name>UARTDisable</name>
         <value>0x33a1</value>
         <object_component_ref idref="oc-215"/>
      </symbol>
      <symbol id="sm-512">
         <name>UARTClockSourceSet</name>
         <value>0x3441</value>
         <object_component_ref idref="oc-13d"/>
      </symbol>
      <symbol id="sm-513">
         <name>UARTEnable</name>
         <value>0x33f1</value>
         <object_component_ref idref="oc-14f"/>
      </symbol>
      <symbol id="sm-514">
         <name>UARTCharGet</name>
         <value>0x342b</value>
         <object_component_ref idref="oc-161"/>
      </symbol>
      <symbol id="sm-530">
         <name>memcpy</name>
         <value>0x3103</value>
         <object_component_ref idref="oc-46"/>
      </symbol>
      <symbol id="sm-531">
         <name>__aeabi_memcpy</name>
         <value>0x3103</value>
         <object_component_ref idref="oc-46"/>
      </symbol>
      <symbol id="sm-532">
         <name>__aeabi_memcpy8</name>
         <value>0x3103</value>
         <object_component_ref idref="oc-46"/>
      </symbol>
      <symbol id="sm-533">
         <name>__aeabi_memcpy4</name>
         <value>0x3103</value>
         <object_component_ref idref="oc-46"/>
      </symbol>
      <symbol id="sm-542">
         <name>__aeabi_memset</name>
         <value>0x31a1</value>
         <object_component_ref idref="oc-b6"/>
      </symbol>
      <symbol id="sm-543">
         <name>memset</name>
         <value>0x31a7</value>
         <object_component_ref idref="oc-b6"/>
      </symbol>
      <symbol id="sm-544">
         <name>__aeabi_memset8</name>
         <value>0x31a1</value>
         <object_component_ref idref="oc-b6"/>
      </symbol>
      <symbol id="sm-545">
         <name>__aeabi_memset4</name>
         <value>0x31a1</value>
         <object_component_ref idref="oc-b6"/>
      </symbol>
      <symbol id="sm-546">
         <name>__aeabi_memclr8</name>
         <value>0x319f</value>
         <object_component_ref idref="oc-b6"/>
      </symbol>
      <symbol id="sm-547">
         <name>__aeabi_memclr4</name>
         <value>0x319f</value>
         <object_component_ref idref="oc-b6"/>
      </symbol>
      <symbol id="sm-548">
         <name>__aeabi_memclr</name>
         <value>0x319f</value>
         <object_component_ref idref="oc-b6"/>
      </symbol>
      <symbol id="sm-55a">
         <name>__TI_zero_init</name>
         <value>0x3413</value>
         <object_component_ref idref="oc-58"/>
      </symbol>
      <symbol id="sm-571">
         <name>__TI_decompress_none</name>
         <value>0x3405</value>
         <object_component_ref idref="oc-1b"/>
      </symbol>
      <symbol id="sm-594">
         <name>__TI_decompress_lzss</name>
         <value>0x3219</value>
         <object_component_ref idref="oc-15"/>
      </symbol>
      <symbol id="sm-5a7">
         <name>__stack</name>
         <value>0x20004f08</value>
         <object_component_ref idref="oc-24"/>
      </symbol>
      <symbol id="sm-5a8">
         <name>_c_int00_noargs</name>
         <value>0x3341</value>
         <object_component_ref idref="oc-64"/>
      </symbol>
      <symbol id="sm-5d0">
         <name>__TI_auto_init_nobinit_nopinit</name>
         <value>0x32c9</value>
         <object_component_ref idref="oc-186"/>
      </symbol>
      <symbol id="sm-5da">
         <name>_system_pre_init</name>
         <value>0x3447</value>
         <object_component_ref idref="oc-bc"/>
      </symbol>
      <symbol id="sm-5e6">
         <name>C$$EXIT</name>
         <value>0x344b</value>
         <object_component_ref idref="oc-17a"/>
      </symbol>
      <symbol id="sm-5e7">
         <name>abort</name>
         <value>0x344b</value>
         <object_component_ref idref="oc-17a"/>
      </symbol>
      <symbol id="sm-5ea">
         <name>__TI_static_base__</name>
         <value>0x0</value>
      </symbol>
      <symbol id="sm-5ed">
         <name>xTimerGenericCommand</name>
         <value>0x0</value>
      </symbol>
      <symbol id="sm-5ee">
         <name>xTimerCreate</name>
         <value>0x0</value>
      </symbol>
      <symbol id="sm-5ef">
         <name>__mpu_init</name>
         <value>0x0</value>
      </symbol>
      <symbol id="sm-5f0">
         <name>_system_post_cinit</name>
         <value>0x0</value>
      </symbol>
   </symbol_table>
   <title>Link errors: red sections failed placement</title>
</link_info>
