******************************************************************************
                  TI ARM Linker PC v20.2.5                     
******************************************************************************
>> Linked Fri Sep 24 12:29:01 2021

OUTPUT FILE NAME:   <Software_Timers.out>
ENTRY POINT SYMBOL: "_c_int00_noargs"  address: 00003341


MEMORY CONFIGURATION

         name            origin    length      used     unused   attr    fill
----------------------  --------  ---------  --------  --------  ----  --------
  FLASH                 00000000   00040000  0000350e  0003caf2  R  X
  SRAM                  20000000   00008000  0000514d  00002eb3  RW X


SEGMENT ALLOCATION MAP

run origin  load origin   length   init length attrs members
----------  ----------- ---------- ----------- ----- -------
00000000    00000000    00003510   00003510    r-x
  00000000    00000000    0000026c   0000026c    r-- .intvecs
  0000026c    0000026c    000031e2   000031e2    r-x .text
  00003450    00003450    00000080   00000080    r-- .const
  000034d0    000034d0    00000040   00000040    r-- .cinit
20000000    20000000    00005151   00000000    rw-
  20000000    20000000    00004f04   00000000    rw- .bss
  20004f08    20004f08    00000200   00000000    rw- .stack
  20005108    20005108    00000049   00000000    rw- .data


SECTION ALLOCATION MAP

 output                                  attributes/
section   page    origin      length       input sections
--------  ----  ----------  ----------   ----------------
.intvecs   0    00000000    0000026c     
                  00000000    0000026c     tm4c123gh6pm_startup_ccs.obj (.intvecs)

.text      0    0000026c    000031e2     
                  0000026c    000023b4     tasks.obj (.text)
                  00002620    000001d8     heap_2.obj (.text)
                  000027f8    000001c8     port.obj (.text)
                  000029c0    000001bc     main.obj (.text)
                  00002b7c    0000016c     driverlib.lib : gpio.obj (.text:GPIOPadConfigSet)
                  00002ce8    00000132     list.obj (.text)
                  00002e1a    00000002     --HOLE-- [fill = 0]
                  00002e1c    00000118     driverlib.lib : sysctl.obj (.text:SysCtlClockGet)
                  00002f34    000000f4                   : sysctl.obj (.text:SysCtlClockSet)
                  00003028    000000da     portasm.obj (.text)
                  00003102    0000009c     rtsv7M4_T_le_v4SPD16_eabi.lib : memcpy_t2.asm.obj (.text)
                  0000319e    0000007a                                   : memset_t2.asm.obj (.text)
                  00003218    00000068                                   : copy_decompress_lzss.c.obj (.text:decompress:lzss:__TI_decompress_lzss)
                  00003280    00000046     driverlib.lib : uart.obj (.text:UARTConfigSetExpClk)
                  000032c6    00000002     --HOLE-- [fill = 0]
                  000032c8    00000044     rtsv7M4_T_le_v4SPD16_eabi.lib : autoinit.c.obj (.text:__TI_auto_init_nobinit_nopinit:__TI_auto_init_nobinit_nopinit)
                  0000330c    00000034     driverlib.lib : sysctl.obj (.text:SysCtlPeripheralEnable)
                  00003340    00000034     rtsv7M4_T_le_v4SPD16_eabi.lib : boot_cortex_m.c.obj (.text:_c_int00_noargs:_c_int00_noargs)
                  00003374    0000002c     driverlib.lib : gpio.obj (.text:GPIODirModeSet)
                  000033a0    00000020                   : uart.obj (.text:UARTDisable)
                  000033c0    0000001a                   : gpio.obj (.text:GPIOPinTypeGPIOOutput)
                  000033da    00000016                   : gpio.obj (.text:GPIOPinTypeUART)
                  000033f0    00000014                   : uart.obj (.text:UARTEnable)
                  00003404    0000000e     rtsv7M4_T_le_v4SPD16_eabi.lib : copy_decompress_none.c.obj (.text:decompress:none:__TI_decompress_none)
                  00003412    0000000c                                   : copy_zero_init.c.obj (.text:decompress:ZI:__TI_zero_init)
                  0000341e    0000000c     tm4c123gh6pm_startup_ccs.obj (.text)
                  0000342a    0000000a     driverlib.lib : uart.obj (.text:UARTCharGet)
                  00003434    00000006                   : gpio.obj (.text:GPIOPinWrite)
                  0000343a    00000006                   : sysctl.obj (.text:SysCtlDelay)
                  00003440    00000006                   : uart.obj (.text:UARTClockSourceSet)
                  00003446    00000004     rtsv7M4_T_le_v4SPD16_eabi.lib : pre_init.c.obj (.text:_system_pre_init)
                  0000344a    00000004                                   : exit.c.obj (.text:abort:abort)

.const     0    00003450    00000080     
                  00003450    0000006c     driverlib.lib : sysctl.obj (.const:g_pui32Xtals)
                  000034bc    00000008     port.obj (.const)
                  000034c4    00000007     main.obj (.const:.string:$P$T0$2)
                  000034cb    00000001     --HOLE-- [fill = 0]
                  000034cc    00000004     tasks.obj (.const)

.cinit     0    000034d0    00000040     
                  000034d0    0000001b     (.cinit..data.load) [load image, compression = lzss]
                  000034eb    00000001     --HOLE-- [fill = 0]
                  000034ec    0000000c     (__TI_handler_table)
                  000034f8    00000008     (.cinit..bss.load) [load image, compression = zero_init]
                  00003500    00000010     (__TI_cinit_table)

.init_array 
*          0    00000000    00000000     UNINITIALIZED

.bss       0    20000000    00004f04     UNINITIALIZED
                  20000000    00004e20     heap_2.obj (.bss:ucHeap)
                  20004e20    00000064     tasks.obj (.bss:pxReadyTasksLists)
                  20004e84    00000014     tasks.obj (.bss:xDelayedTaskList1)
                  20004e98    00000014     tasks.obj (.bss:xDelayedTaskList2)
                  20004eac    00000014     tasks.obj (.bss:xPendingReadyList)
                  20004ec0    00000014     tasks.obj (.bss:xSuspendedTaskList)
                  20004ed4    00000014     tasks.obj (.bss:xTasksWaitingTermination)
                  20004ee8    00000008     tasks.obj (.bss)
                  20004ef0    00000008     heap_2.obj (.bss:xEnd)
                  20004ef8    00000008     heap_2.obj (.bss:xStart)
                  20004f00    00000004     (.common:Timer_Function1)

.data      0    20005108    00000049     UNINITIALIZED
                  20005108    00000034     tasks.obj (.data)
                  2000513c    0000000c     port.obj (.data)
                  20005148    00000008     heap_2.obj (.data)
                  20005150    00000001     main.obj (.data)

.stack     0    20004f08    00000200     UNINITIALIZED
                  20004f08    00000004     rtsv7M4_T_le_v4SPD16_eabi.lib : boot_cortex_m.c.obj (.stack)
                  20004f0c    000001fc     --HOLE--

__llvm_prf_cnts 
*          0    20000000    00000000     UNINITIALIZED

MODULE SUMMARY

       Module                         code    ro data   rw data
       ------                         ----    -------   -------
    .\
       heap_2.obj                     472     0         20024  
       tasks.obj                      9140    4         260    
       tm4c123gh6pm_startup_ccs.obj   12      620       0      
       port.obj                       456     8         12     
       main.obj                       444     7         5      
       list.obj                       306     0         0      
       portasm.obj                    218     0         0      
    +--+------------------------------+-------+---------+---------+
       Total:                         11048   639       20301  
                                                               
    C:/ti/TivaWare_C_Series-2.2.0.295/driverlib/ccs/Debug/driverlib.lib
       sysctl.obj                     582     108       0      
       gpio.obj                       462     0         0      
       uart.obj                       138     0         0      
    +--+------------------------------+-------+---------+---------+
       Total:                         1182    108       0      
                                                               
    C:\ti\ccs1040\ccs\tools\compiler\ti-cgt-arm_20.2.5.LTS\lib\rtsv7M4_T_le_v4SPD16_eabi.lib
       memcpy_t2.asm.obj              156     0         0      
       memset_t2.asm.obj              122     0         0      
       copy_decompress_lzss.c.obj     104     0         0      
       autoinit.c.obj                 68      0         0      
       boot_cortex_m.c.obj            52      0         0      
       copy_decompress_none.c.obj     14      0         0      
       copy_zero_init.c.obj           12      0         0      
       exit.c.obj                     4       0         0      
       pre_init.c.obj                 4       0         0      
    +--+------------------------------+-------+---------+---------+
       Total:                         536     0         0      
                                                               
       Stack:                         0       0         512    
       Linker Generated:              0       63        0      
    +--+------------------------------+-------+---------+---------+
       Grand Total:                   12766   810       20813  


LINKER GENERATED COPY TABLES

__TI_cinit_table @ 00003500 records: 2, size/record: 8, table size: 16
	.data: load addr=000034d0, load size=0000001b bytes, run addr=20005108, run size=00000049 bytes, compression=lzss
	.bss: load addr=000034f8, load size=00000008 bytes, run addr=20000000, run size=00004f04 bytes, compression=zero_init


LINKER GENERATED HANDLER TABLE

__TI_handler_table @ 000034ec records: 3, size/record: 4, table size: 12
	index: 0, handler: __TI_decompress_lzss
	index: 1, handler: __TI_decompress_none
	index: 2, handler: __TI_zero_init


GLOBAL SYMBOLS: SORTED ALPHABETICALLY BY Name 

address   name                               
-------   ----                               
0000344b  C$$EXIT                            
00003375  GPIODirModeSet                     
00002b7d  GPIOPadConfigSet                   
000033c1  GPIOPinTypeGPIOOutput              
000033db  GPIOPinTypeUART                    
00003435  GPIOPinWrite                       
00002a0d  MyTimer                            
000029c1  PORTF_Init                         
0000341f  ResetISR                           
00002e1d  SysCtlClockGet                     
00002f35  SysCtlClockSet                     
0000343b  SysCtlDelay                        
0000330d  SysCtlPeripheralEnable             
00002a47  Task1                              
20004f00  Timer_Function1                    
000029d3  UART0_Init                         
0000342b  UARTCharGet                        
00003441  UARTClockSourceSet                 
00003281  UARTConfigSetExpClk                
000033a1  UARTDisable                        
000033f1  UARTEnable                         
20005108  __STACK_END                        
00000200  __STACK_SIZE                       
20005108  __STACK_TOP                        
00003500  __TI_CINIT_Base                    
00003510  __TI_CINIT_Limit                   
000034ec  __TI_Handler_Table_Base            
000034f8  __TI_Handler_Table_Limit           
000032c9  __TI_auto_init_nobinit_nopinit     
00003219  __TI_decompress_lzss               
00003405  __TI_decompress_none               
ffffffff  __TI_pprof_out_hndl                
ffffffff  __TI_prof_data_size                
ffffffff  __TI_prof_data_start               
00000000  __TI_static_base__                 
00003413  __TI_zero_init                     
0000319f  __aeabi_memclr                     
0000319f  __aeabi_memclr4                    
0000319f  __aeabi_memclr8                    
00003103  __aeabi_memcpy                     
00003103  __aeabi_memcpy4                    
00003103  __aeabi_memcpy8                    
000031a1  __aeabi_memset                     
000031a1  __aeabi_memset4                    
000031a1  __aeabi_memset8                    
ffffffff  __binit__                          
ffffffff  __c_args__                         
UNDEFED   __mpu_init                         
20004f08  __stack                            
20000000  __start___llvm_prf_cnts            
20000000  __stop___llvm_prf_cnts             
00003341  _c_int00_noargs                    
UNDEFED   _system_post_cinit                 
00003447  _system_pre_init                   
0000344b  abort                              
ffffffff  binit                              
00000655  eTaskGetState                      
00000000  g_pfnVectors                       
00002ae9  main                               
00003103  memcpy                             
000031a7  memset                             
00000e19  pcTaskGetName                      
00002621  pvPortMalloc                       
00001e1f  pvTaskIncrementMutexHeldCount      
20005108  pxCurrentTCB                       
000027f9  pxPortInitialiseStack              
000034bc  ulMaxSyscallInterruptPriority      
00003039  ulPortGetIPSR                      
00001e45  ulTaskGenericNotifyTake            
000024d3  ulTaskGenericNotifyValueClear      
00002dd3  uxListRemove                       
00000e0d  uxTaskGetNumberOfTasks             
00001a65  uxTaskGetStackHighWaterMark        
00000fa9  uxTaskGetSystemState               
000017d1  uxTaskGetTaskNumber                
00000719  uxTaskPriorityGet                  
00000741  uxTaskPriorityGetFromISR           
00001df9  uxTaskResetEventItemValue          
000034cc  uxTopUsedPriority                  
00002ce9  vListInitialise                    
00002d19  vListInitialiseItem                
00002d65  vListInsert                        
00002d29  vListInsertEnd                     
000030f5  vPortEnableVFP                     
000028f7  vPortEndScheduler                  
000028f9  vPortEnterCritical                 
00002919  vPortExitCritical                  
00002739  vPortFree                          
0000279d  vPortInitialiseBlocks              
000030b1  vPortSVCHandler                    
00002955  vPortSetupTimerInterrupt           
000030d1  vPortStartFirstTask                
0000296f  vPortValidateInterruptPriority     
00000601  vTaskDelay                         
000004c7  vTaskDelete                        
00000be1  vTaskEndScheduler                  
00002321  vTaskGenericNotifyGiveFromISR      
000018d5  vTaskGetInfo                       
000016fb  vTaskInternalSetTimeOutState       
000017c5  vTaskMissedYield                   
000013d1  vTaskPlaceOnEventList              
00001401  vTaskPlaceOnUnorderedEventList     
00001d05  vTaskPriorityDisinheritAfterTimeout
0000078d  vTaskPrioritySet                   
000015c1  vTaskRemoveFromUnorderedEventList  
000009ef  vTaskResume                        
000017f1  vTaskSetTaskNumber                 
000016dd  vTaskSetTimeOutState               
00000b97  vTaskStartScheduler                
000008dd  vTaskSuspend                       
00000bfd  vTaskSuspendAll                    
0000134d  vTaskSwitchContext                 
00002797  xPortGetFreeHeapSize               
00003051  xPortPendSVHandler                 
00002863  xPortStartScheduler                
0000292f  xPortSysTickHandler                
000010a1  xTaskAbortDelay                    
00001081  xTaskCatchUpTicks                  
00001719  xTaskCheckForTimeOut               
0000026d  xTaskCreate                        
00000553  xTaskDelayUntil                    
00001fb5  xTaskGenericNotify                 
0000213d  xTaskGenericNotifyFromISR          
00002489  xTaskGenericNotifyStateClear       
00001eeb  xTaskGenericNotifyWait             
00001ad1  xTaskGetCurrentTaskHandle          
00000f25  xTaskGetHandle                     
0000107b  xTaskGetIdleTaskHandle             
00001af1  xTaskGetSchedulerState             
00000db9  xTaskGetTickCount                  
00000dd9  xTaskGetTickCountFromISR           
00001181  xTaskIncrementTick                 
00001c31  xTaskPriorityDisinherit            
00001b31  xTaskPriorityInherit               
0000146d  xTaskRemoveFromEventList           
00000c19  xTaskResumeAll                     
00000abd  xTaskResumeFromISR                 
UNDEFED   xTimerCreate                       
UNDEFED   xTimerGenericCommand               


GLOBAL SYMBOLS: SORTED BY Symbol Address 

address   name                               
-------   ----                               
00000000  __TI_static_base__                 
00000000  g_pfnVectors                       
00000200  __STACK_SIZE                       
0000026d  xTaskCreate                        
000004c7  vTaskDelete                        
00000553  xTaskDelayUntil                    
00000601  vTaskDelay                         
00000655  eTaskGetState                      
00000719  uxTaskPriorityGet                  
00000741  uxTaskPriorityGetFromISR           
0000078d  vTaskPrioritySet                   
000008dd  vTaskSuspend                       
000009ef  vTaskResume                        
00000abd  xTaskResumeFromISR                 
00000b97  vTaskStartScheduler                
00000be1  vTaskEndScheduler                  
00000bfd  vTaskSuspendAll                    
00000c19  xTaskResumeAll                     
00000db9  xTaskGetTickCount                  
00000dd9  xTaskGetTickCountFromISR           
00000e0d  uxTaskGetNumberOfTasks             
00000e19  pcTaskGetName                      
00000f25  xTaskGetHandle                     
00000fa9  uxTaskGetSystemState               
0000107b  xTaskGetIdleTaskHandle             
00001081  xTaskCatchUpTicks                  
000010a1  xTaskAbortDelay                    
00001181  xTaskIncrementTick                 
0000134d  vTaskSwitchContext                 
000013d1  vTaskPlaceOnEventList              
00001401  vTaskPlaceOnUnorderedEventList     
0000146d  xTaskRemoveFromEventList           
000015c1  vTaskRemoveFromUnorderedEventList  
000016dd  vTaskSetTimeOutState               
000016fb  vTaskInternalSetTimeOutState       
00001719  xTaskCheckForTimeOut               
000017c5  vTaskMissedYield                   
000017d1  uxTaskGetTaskNumber                
000017f1  vTaskSetTaskNumber                 
000018d5  vTaskGetInfo                       
00001a65  uxTaskGetStackHighWaterMark        
00001ad1  xTaskGetCurrentTaskHandle          
00001af1  xTaskGetSchedulerState             
00001b31  xTaskPriorityInherit               
00001c31  xTaskPriorityDisinherit            
00001d05  vTaskPriorityDisinheritAfterTimeout
00001df9  uxTaskResetEventItemValue          
00001e1f  pvTaskIncrementMutexHeldCount      
00001e45  ulTaskGenericNotifyTake            
00001eeb  xTaskGenericNotifyWait             
00001fb5  xTaskGenericNotify                 
0000213d  xTaskGenericNotifyFromISR          
00002321  vTaskGenericNotifyGiveFromISR      
00002489  xTaskGenericNotifyStateClear       
000024d3  ulTaskGenericNotifyValueClear      
00002621  pvPortMalloc                       
00002739  vPortFree                          
00002797  xPortGetFreeHeapSize               
0000279d  vPortInitialiseBlocks              
000027f9  pxPortInitialiseStack              
00002863  xPortStartScheduler                
000028f7  vPortEndScheduler                  
000028f9  vPortEnterCritical                 
00002919  vPortExitCritical                  
0000292f  xPortSysTickHandler                
00002955  vPortSetupTimerInterrupt           
0000296f  vPortValidateInterruptPriority     
000029c1  PORTF_Init                         
000029d3  UART0_Init                         
00002a0d  MyTimer                            
00002a47  Task1                              
00002ae9  main                               
00002b7d  GPIOPadConfigSet                   
00002ce9  vListInitialise                    
00002d19  vListInitialiseItem                
00002d29  vListInsertEnd                     
00002d65  vListInsert                        
00002dd3  uxListRemove                       
00002e1d  SysCtlClockGet                     
00002f35  SysCtlClockSet                     
00003039  ulPortGetIPSR                      
00003051  xPortPendSVHandler                 
000030b1  vPortSVCHandler                    
000030d1  vPortStartFirstTask                
000030f5  vPortEnableVFP                     
00003103  __aeabi_memcpy                     
00003103  __aeabi_memcpy4                    
00003103  __aeabi_memcpy8                    
00003103  memcpy                             
0000319f  __aeabi_memclr                     
0000319f  __aeabi_memclr4                    
0000319f  __aeabi_memclr8                    
000031a1  __aeabi_memset                     
000031a1  __aeabi_memset4                    
000031a1  __aeabi_memset8                    
000031a7  memset                             
00003219  __TI_decompress_lzss               
00003281  UARTConfigSetExpClk                
000032c9  __TI_auto_init_nobinit_nopinit     
0000330d  SysCtlPeripheralEnable             
00003341  _c_int00_noargs                    
00003375  GPIODirModeSet                     
000033a1  UARTDisable                        
000033c1  GPIOPinTypeGPIOOutput              
000033db  GPIOPinTypeUART                    
000033f1  UARTEnable                         
00003405  __TI_decompress_none               
00003413  __TI_zero_init                     
0000341f  ResetISR                           
0000342b  UARTCharGet                        
00003435  GPIOPinWrite                       
0000343b  SysCtlDelay                        
00003441  UARTClockSourceSet                 
00003447  _system_pre_init                   
0000344b  C$$EXIT                            
0000344b  abort                              
000034bc  ulMaxSyscallInterruptPriority      
000034cc  uxTopUsedPriority                  
000034ec  __TI_Handler_Table_Base            
000034f8  __TI_Handler_Table_Limit           
00003500  __TI_CINIT_Base                    
00003510  __TI_CINIT_Limit                   
20000000  __start___llvm_prf_cnts            
20000000  __stop___llvm_prf_cnts             
20004f00  Timer_Function1                    
20004f08  __stack                            
20005108  __STACK_END                        
20005108  __STACK_TOP                        
20005108  pxCurrentTCB                       
ffffffff  __TI_pprof_out_hndl                
ffffffff  __TI_prof_data_size                
ffffffff  __TI_prof_data_start               
ffffffff  __binit__                          
ffffffff  __c_args__                         
ffffffff  binit                              
UNDEFED   __mpu_init                         
UNDEFED   _system_post_cinit                 
UNDEFED   xTimerCreate                       
UNDEFED   xTimerGenericCommand               

[139 symbols]
